Archive member included to satisfy reference by file (symbol)

tflm/build/libtflm.a(micro_log.o)
                              build/main.o (MicroPrintf(char const*, ...))
tflm/build/libtflm.a(micro_interpreter.o)
                              build/main.o (tflite::MicroInterpreter::MicroInterpreter(tflite::Model const*, tflite::MicroOpResolver const&, unsigned char*, unsigned int, tflite::MicroResourceVariables*, tflite::MicroProfilerInterface*, bool))
tflm/build/libtflm.a(flatbuffer_conversions_bridge.o)
                              tflm/build/libtflm.a(micro_interpreter.o) (tflite::CallBuiltinParseFunction(TfLiteStatus (*)(tflite::Operator const*, tflite::ErrorReporter*, tflite::BuiltinDataAllocator*, void**), tflite::Operator const*, tflite::BuiltinDataAllocator*, void**))
tflm/build/libtflm.a(fully_connected.o)
                              build/main.o (tflite::Register_FULLY_CONNECTED())
tflm/build/libtflm.a(flatbuffer_utils.o)
                              tflm/build/libtflm.a(micro_interpreter.o) (tflite::NumSubgraphOperators(tflite::SubGraph const*))
tflm/build/libtflm.a(micro_interpreter_graph.o)
                              tflm/build/libtflm.a(micro_interpreter.o) (tflite::MicroInterpreterGraph::~MicroInterpreterGraph())
tflm/build/libtflm.a(micro_context.o)
                              tflm/build/libtflm.a(fully_connected.o) (tflite::MicroContext::AllocateTempInputTensor(TfLiteNode const*, int))
tflm/build/libtflm.a(micro_op_resolver.o)
                              tflm/build/libtflm.a(micro_interpreter.o) (tflite::GetRegistrationFromOpCode(tflite::OperatorCode const*, tflite::MicroOpResolver const&, TFLMRegistration const**))
tflm/build/libtflm.a(micro_interpreter_context.o)
                              tflm/build/libtflm.a(micro_interpreter.o) (tflite::MicroInterpreterContext::~MicroInterpreterContext())
tflm/build/libtflm.a(micro_resource_variable.o)
                              tflm/build/libtflm.a(micro_interpreter_graph.o) (tflite::MicroResourceVariables::ResetAll())
tflm/build/libtflm.a(flatbuffer_conversions.o)
                              tflm/build/libtflm.a(flatbuffer_conversions_bridge.o) (tflite::ConvertTensorType(tflite::TensorType, TfLiteType*, tflite::ErrorReporter*))
tflm/build/libtflm.a(common.o)
                              tflm/build/libtflm.a(fully_connected.o) (TfLiteTypeGetName)
tflm/build/libtflm.a(common.o)
                              tflm/build/libtflm.a(fully_connected.o) (tflite::MultiplyByQuantizedMultiplier(long, long, int))
tflm/build/libtflm.a(portable_tensor_utils.o)
                              tflm/build/libtflm.a(fully_connected.o) (tflite::tensor_utils::UnpackDenseInt4IntoInt8(signed char const*, int, signed char*))
tflm/build/libtflm.a(error_reporter.o)
                              tflm/build/libtflm.a(flatbuffer_conversions.o) (tflite::ErrorReporter::Report(char const*, ...))
tflm/build/libtflm.a(schema_utils.o)
                              tflm/build/libtflm.a(micro_interpreter.o) (tflite::GetBuiltinCode(tflite::OperatorCode const*))
tflm/build/libtflm.a(micro_allocator.o)
                              tflm/build/libtflm.a(micro_interpreter.o) (tflite::MicroAllocator::Create(unsigned char*, unsigned int, tflite::MemoryPlannerType))
tflm/build/libtflm.a(debug_log.o)
                              tflm/build/libtflm.a(micro_log.o) (DebugLog)
tflm/build/libtflm.a(greedy_memory_planner.o)
                              tflm/build/libtflm.a(micro_allocator.o) (tflite::GreedyMemoryPlanner::GreedyMemoryPlanner())
tflm/build/libtflm.a(linear_memory_planner.o)
                              tflm/build/libtflm.a(micro_allocator.o) (tflite::LinearMemoryPlanner::LinearMemoryPlanner())
tflm/build/libtflm.a(micro_error_reporter.o)
                              tflm/build/libtflm.a(flatbuffer_conversions_bridge.o) (tflite::GetMicroErrorReporter())
tflm/build/libtflm.a(micro_utils.o)
                              tflm/build/libtflm.a(micro_resource_variable.o) (tflite::EvalTensorBytes(TfLiteEvalTensor const*))
tflm/build/libtflm.a(memory_helpers.o)
                              tflm/build/libtflm.a(micro_context.o) (tflite::AlignPointerUp(unsigned char*, unsigned int))
tflm/build/libtflm.a(fully_connected_common.o)
                              tflm/build/libtflm.a(fully_connected.o) (tflite::FullyConnectedParamsQuantized(tflite::OpDataFullyConnected const&))
tflm/build/libtflm.a(kernel_util.o)
                              tflm/build/libtflm.a(fully_connected.o) (tflite::micro::RegisterOp(void* (*)(TfLiteContext*, char const*, unsigned int), TfLiteStatus (*)(TfLiteContext*, TfLiteNode*), TfLiteStatus (*)(TfLiteContext*, TfLiteNode*), void (*)(TfLiteContext*, void*), void (*)(TfLiteContext*, void*)))
tflm/build/libtflm.a(non_persistent_arena_buffer_allocator.o)
                              tflm/build/libtflm.a(micro_allocator.o) (tflite::NonPersistentArenaBufferAllocator::NonPersistentArenaBufferAllocator(unsigned char*, unsigned int))
[...]
Memory Configuration

Name             Origin             Length             Attributes
rom              0x00000000         0x00020000
sram             0x10000000         0x00002000
spiflash         0x00800000         0x00800000
main_ram         0x40000000         0x00800000
csr              0xf0000000         0x00010000
*default*        0x00000000         0xffffffff

Linker script and memory map

START GROUP
LOAD build/crt0.o
LOAD build/main.o
LOAD build/models/hello_world_float_model_data.o
LOAD tflm/build/libtflm.a
LOAD ../build/colorlight_i5/software/libc/libc.a
LOAD ../build/colorlight_i5/software/libcompiler_rt/libcompiler_rt.a
LOAD ../build/colorlight_i5/software/libbase/libbase.a
LOAD ../build/colorlight_i5/software/libfatfs/libfatfs.a
LOAD ../build/colorlight_i5/software/liblitespi/liblitespi.a
LOAD ../build/colorlight_i5/software/liblitedram/liblitedram.a
LOAD ../build/colorlight_i5/software/libliteeth/libliteeth.a
LOAD ../build/colorlight_i5/software/liblitesdcard/liblitesdcard.a
LOAD ../build/colorlight_i5/software/liblitesata/liblitesata.a
LOAD /home/alan/Documentos/tflm/tools/xpack-riscv-none-elf-gcc-15.2.0-1/bin/../lib/gcc/riscv-none-elf/15.2.0/rv32im/ilp32/libgcc.a
END GROUP
                0x00000000                        __DYNAMIC = 0x0

.text           0x40000000     0xc5ec
                0x40000000                        _ftext = .
 *(.text .stub .text.* .gnu.linkonce.t.*)
 .text          0x40000000      0x128 build/crt0.o
                0x40000000                _start
                0x40000020                trap_entry
 .text._ZN6tflite22MicroMutableOpResolverILj1EED0Ev
                0x40000128        0x4 build/main.o
                0x40000128                tflite::MicroMutableOpResolver<1u>::~MicroMutableOpResolver()
                0x40000128                tflite::MicroMutableOpResolver<1u>::~MicroMutableOpResolver()
                0x40000128                tflite::MicroMutableOpResolver<1u>::~MicroMutableOpResolver()
 .text._ZNK6tflite22MicroMutableOpResolverILj1EE15GetOpDataParserENS_15BuiltinOperatorE
                0x4000012c       0x3c build/main.o
                0x4000012c                tflite::MicroMutableOpResolver<1u>::GetOpDataParser(tflite::BuiltinOperator) const
 .text._ZNK6tflite22MicroMutableOpResolverILj1EE6FindOpEPKc
                0x40000168       0x94 build/main.o
                0x40000168                tflite::MicroMutableOpResolver<1u>::FindOp(char const*) const
 .text._ZNK6tflite22MicroMutableOpResolverILj1EE6FindOpENS_15BuiltinOperatorE
                0x400001fc       0x30 build/main.o
                0x400001fc                tflite::MicroMutableOpResolver<1u>::FindOp(tflite::BuiltinOperator) const
 .text._Z15uart_write_charc
                0x4000022c       0x48 build/main.o
                0x4000022c                uart_write_char(char)
 .text._Z14uart_print_strPKc
                0x40000274       0x34 build/main.o
                0x40000274                uart_print_str(char const*)
 .text._Z14uart_print_inti
                0x400002a8       0x88 build/main.o
                0x400002a8                uart_print_int(int)
 .text._Z17uart_print_binaryi
                0x40000330       0x64 build/main.o
                0x40000330                uart_print_binary(int)
 .text._Z7xprintfPKcz
                0x40000394      0x11c build/main.o
                0x40000394                xprintf(char const*, ...)
 .text._Z10delay_loopi
                0x400004b0       0x34 build/main.o
                0x400004b0                delay_loop(int)
 .text._Z15sine_to_led_barf
                0x400004e4       0x84 build/main.o
                0x400004e4                sine_to_led_bar(float)
 .text.startup.main
                0x40000568      0x2dc build/main.o
                0x40000568                main
 .text._ZN12_GLOBAL__N_1L9VDebugLogEPKcz.constprop.0
                0x40000844       0x48 tflm/build/libtflm.a(micro_log.o)
 .text._Z12VMicroPrintfPKcPv
                0x4000088c       0x20 tflm/build/libtflm.a(micro_log.o)
                0x4000088c                VMicroPrintf(char const*, void*)
 .text._Z11MicroPrintfPKcz
                0x400008ac       0x4c tflm/build/libtflm.a(micro_log.o)
                0x400008ac                MicroPrintf(char const*, ...)
 .text._ZN6tflite36MicroContextAllocatePersistentBufferEP13TfLiteContextj
                0x400008f8       0x10 tflm/build/libtflm.a(micro_interpreter.o)
                0x400008f8                tflite::MicroContextAllocatePersistentBuffer(TfLiteContext*, unsigned int)
 .text._ZN6tflite39MicroContextRequestScratchBufferInArenaEP13TfLiteContextjPi
                0x40000908       0x10 tflm/build/libtflm.a(micro_interpreter.o)
                0x40000908                tflite::MicroContextRequestScratchBufferInArena(TfLiteContext*, unsigned int, int*)
 .text._ZN6tflite28MicroContextGetScratchBufferEP13TfLiteContexti
                0x40000918       0x10 tflm/build/libtflm.a(micro_interpreter.o)
                0x40000918                tflite::MicroContextGetScratchBuffer(TfLiteContext*, int)
 .text._ZN6tflite21MicroContextGetTensorEPK13TfLiteContexti
                0x40000928       0x10 tflm/build/libtflm.a(micro_interpreter.o)
                0x40000928                tflite::MicroContextGetTensor(TfLiteContext const*, int)
 .text._ZN6tflite25MicroContextGetEvalTensorEPK13TfLiteContexti
                0x40000938       0x10 tflm/build/libtflm.a(micro_interpreter.o)
                0x40000938                tflite::MicroContextGetEvalTensor(TfLiteContext const*, int)
 .text._ZN6tflite23MicroInterpreterContext16external_contextEv
                0x40000948        0x8 tflm/build/libtflm.a(micro_interpreter.o)
                0x40000948                tflite::MicroInterpreterContext::external_context()
 .text._ZNK11flatbuffers6VectorINS_6OffsetIN6tflite8SubGraphEEEmE3GetEm.part.0
                0x40000950       0x28 tflm/build/libtflm.a(micro_interpreter.o)
 .text._ZN6tflite30MicroContextGetExternalContextEP13TfLiteContext25TfLiteExternalContextType
                0x40000978       0x24 tflm/build/libtflm.a(micro_interpreter.o)
                0x40000978                tflite::MicroContextGetExternalContext(TfLiteContext*, TfLiteExternalContextType)
 .text._ZN6tflite16MicroInterpreterC2EPKNS_5ModelERKNS_15MicroOpResolverEPhjPNS_22MicroResourceVariablesEPNS_22MicroProfilerInterfaceEb
                0x4000099c      0x134 tflm/build/libtflm.a(micro_interpreter.o)
                0x4000099c                tflite::MicroInterpreter::MicroInterpreter(tflite::Model const*, tflite::MicroOpResolver const&, unsigned char*, unsigned int, tflite::MicroResourceVariables*, tflite::MicroProfilerInterface*, bool)
                0x4000099c                tflite::MicroInterpreter::MicroInterpreter(tflite::Model const*, tflite::MicroOpResolver const&, unsigned char*, unsigned int, tflite::MicroResourceVariables*, tflite::MicroProfilerInterface*, bool)
 .text._ZN6tflite16MicroInterpreter5inputEj
                0x40000ad0       0xbc tflm/build/libtflm.a(micro_interpreter.o)
                0x40000ad0                tflite::MicroInterpreter::input(unsigned int)
 .text._ZN6tflite16MicroInterpreter6outputEj
                0x40000b8c       0xb8 tflm/build/libtflm.a(micro_interpreter.o)
                0x40000b8c                tflite::MicroInterpreter::output(unsigned int)
 .text._ZN6tflite16MicroInterpreterD2Ev
                0x40000c44       0x48 tflm/build/libtflm.a(micro_interpreter.o)
                0x40000c44                tflite::MicroInterpreter::~MicroInterpreter()
                0x40000c44                tflite::MicroInterpreter::~MicroInterpreter()
 .text._ZN6tflite16MicroInterpreter44PrepareNodeAndRegistrationDataFromFlatbufferEv
                0x40000c8c      0x49c tflm/build/libtflm.a(micro_interpreter.o)
                0x40000c8c                tflite::MicroInterpreter::PrepareNodeAndRegistrationDataFromFlatbuffer()
 .text._ZN6tflite16MicroInterpreter15AllocateTensorsEv
                0x40001128      0x50c tflm/build/libtflm.a(micro_interpreter.o)
                0x40001128                tflite::MicroInterpreter::AllocateTensors()
 .text._ZN6tflite16MicroInterpreter6InvokeEv
                0x40001634       0x5c tflm/build/libtflm.a(micro_interpreter.o)
                0x40001634                tflite::MicroInterpreter::Invoke()
 .text._ZN6tflite17ConvertTensorTypeENS_10TensorTypeEP10TfLiteType
                0x40001690       0x34 tflm/build/libtflm.a(flatbuffer_conversions_bridge.o)
                0x40001690                tflite::ConvertTensorType(tflite::TensorType, TfLiteType*)
 .text._ZN6tflite24CallBuiltinParseFunctionEPF12TfLiteStatusPKNS_8OperatorEPNS_13ErrorReporterEPNS_20BuiltinDataAllocatorEPPvES3_S7_S9_
                0x400016c4       0x4c tflm/build/libtflm.a(flatbuffer_conversions_bridge.o)
                0x400016c4                tflite::CallBuiltinParseFunction(TfLiteStatus (*)(tflite::Operator const*, tflite::ErrorReporter*, tflite::BuiltinDataAllocator*, void**), tflite::Operator const*, tflite::BuiltinDataAllocator*, void**)
 .text._ZN6tflite12_GLOBAL__N_1L18FullyConnectedInitEP13TfLiteContextPKcj
                0x40001710       0x1c tflm/build/libtflm.a(fully_connected.o)
 .text._ZN6tflite12_GLOBAL__N_1L21FullyConnectedPrepareEP13TfLiteContextP10TfLiteNode
                0x4000172c      0x378 tflm/build/libtflm.a(fully_connected.o)
 .text._ZN6tflite21reference_integer_ops14FullyConnectedIaaalEEvRKNS_20FullyConnectedParamsERKNS_12RuntimeShapeEPKT_S7_PKT0_S7_PKT2_S7_PT1_.isra.0
                0x40001aa4      0x200 tflm/build/libtflm.a(fully_connected.o)
 .text._ZN6tflite12_GLOBAL__N_1L18FullyConnectedEvalEP13TfLiteContextP10TfLiteNode
                0x40001ca4     0x10c8 tflm/build/libtflm.a(fully_connected.o)
 .text._ZN6tflite24Register_FULLY_CONNECTEDEv
                0x40002d6c       0x40 tflm/build/libtflm.a(fully_connected.o)
                0x40002d6c                tflite::Register_FULLY_CONNECTED()
 .text._ZN6tflite20NumSubgraphOperatorsEPKNS_8SubGraphE
                0x40002dac       0x40 tflm/build/libtflm.a(flatbuffer_utils.o)
                0x40002dac                tflite::NumSubgraphOperators(tflite::SubGraph const*)
 .text._ZN6tflite20NumSubgraphOperatorsEPKNS_5ModelEi
                0x40002dec       0xac tflm/build/libtflm.a(flatbuffer_utils.o)
                0x40002dec                tflite::NumSubgraphOperators(tflite::Model const*, int)
 .text._ZN6tflite33FlatBufferVectorToTfLiteTypeArrayEPKN11flatbuffers6VectorIlmEE
                0x40002e98        0x4 tflm/build/libtflm.a(flatbuffer_utils.o)
                0x40002e98                tflite::FlatBufferVectorToTfLiteTypeArray(flatbuffers::Vector<long, unsigned long> const*)
 .text._ZN6tflite33FlatBufferVectorToTfLiteTypeArrayEPKN11flatbuffers6VectorIfmEE
                0x40002e9c        0x4 tflm/build/libtflm.a(flatbuffer_utils.o)
                0x40002e9c                tflite::FlatBufferVectorToTfLiteTypeArray(flatbuffers::Vector<float, unsigned long> const*)
 .text._ZN6tflite21MicroInterpreterGraph20GetResourceVariablesEv
                0x40002ea0        0x8 tflm/build/libtflm.a(micro_interpreter_graph.o)
                0x40002ea0                tflite::MicroInterpreterGraph::GetResourceVariables()
 .text._ZN6tflite21MicroInterpreterGraphD0Ev
                0x40002ea8        0x4 tflm/build/libtflm.a(micro_interpreter_graph.o)
                0x40002ea8                tflite::MicroInterpreterGraph::~MicroInterpreterGraph()
                0x40002ea8                tflite::MicroInterpreterGraph::~MicroInterpreterGraph()
                0x40002ea8                tflite::MicroInterpreterGraph::~MicroInterpreterGraph()
 .text._ZN6tflite21MicroInterpreterGraph13InitSubgraphsEv
                0x40002eac      0x110 tflm/build/libtflm.a(micro_interpreter_graph.o)
                0x40002eac                tflite::MicroInterpreterGraph::InitSubgraphs()
 .text._ZN6tflite21MicroInterpreterGraph14ResetSubgraphsEv
                0x40002fbc       0xe0 tflm/build/libtflm.a(micro_interpreter_graph.o)
                0x40002fbc                tflite::MicroInterpreterGraph::ResetSubgraphs()
 .text._ZN6tflite21MicroInterpreterGraph13FreeSubgraphsEv
                0x4000309c       0xe0 tflm/build/libtflm.a(micro_interpreter_graph.o)
                0x4000309c                tflite::MicroInterpreterGraph::FreeSubgraphs()
 .text._ZNK11flatbuffers6VectorIlmE3GetEm.part.0
                0x4000317c       0x28 tflm/build/libtflm.a(micro_interpreter_graph.o)
 .text._ZNK11flatbuffers6VectorINS_6OffsetIN6tflite8SubGraphEEEmE3GetEm.part.0
                0x400031a4       0x28 tflm/build/libtflm.a(micro_interpreter_graph.o)
 .text._ZN6tflite21MicroInterpreterGraph17GetSubgraphOutputEii
                0x400031cc       0xcc tflm/build/libtflm.a(micro_interpreter_graph.o)
                0x400031cc                tflite::MicroInterpreterGraph::GetSubgraphOutput(int, int)
 .text._ZN6tflite21MicroInterpreterGraph20ResetVariableTensorsEv
                0x40003298      0x250 tflm/build/libtflm.a(micro_interpreter_graph.o)
                0x40003298                tflite::MicroInterpreterGraph::ResetVariableTensors()
 .text._ZN6tflite21MicroInterpreterGraph14InvokeSubgraphEi
                0x400034e8      0x258 tflm/build/libtflm.a(micro_interpreter_graph.o)
                0x400034e8                tflite::MicroInterpreterGraph::InvokeSubgraph(int)
 .text._ZN6tflite21MicroInterpreterGraph12NumSubgraphsEv
                0x40003740       0x3c tflm/build/libtflm.a(micro_interpreter_graph.o)
                0x40003740                tflite::MicroInterpreterGraph::NumSubgraphs()
 .text._ZN6tflite21MicroInterpreterGraph17NumSubgraphInputsEi
                0x4000377c       0x94 tflm/build/libtflm.a(micro_interpreter_graph.o)
                0x4000377c                tflite::MicroInterpreterGraph::NumSubgraphInputs(int)
 .text._ZN6tflite21MicroInterpreterGraph18NumSubgraphOutputsEi
                0x40003810       0x90 tflm/build/libtflm.a(micro_interpreter_graph.o)
                0x40003810                tflite::MicroInterpreterGraph::NumSubgraphOutputs(int)
 .text._ZN6tflite21MicroInterpreterGraph16GetSubgraphInputEii
                0x400038a0       0xd0 tflm/build/libtflm.a(micro_interpreter_graph.o)
                0x400038a0                tflite::MicroInterpreterGraph::GetSubgraphInput(int, int)
 .text._ZN6tflite21MicroInterpreterGraph16PrepareSubgraphsEv
                0x40003970      0x2dc tflm/build/libtflm.a(micro_interpreter_graph.o)
                0x40003970                tflite::MicroInterpreterGraph::PrepareSubgraphs()
 .text._ZN6tflite21MicroInterpreterGraphC2EP13TfLiteContextPKNS_5ModelEPNS_14MicroAllocatorEPNS_22MicroResourceVariablesE
                0x40003c4c       0x64 tflm/build/libtflm.a(micro_interpreter_graph.o)
                0x40003c4c                tflite::MicroInterpreterGraph::MicroInterpreterGraph(TfLiteContext*, tflite::Model const*, tflite::MicroAllocator*, tflite::MicroResourceVariables*)
                0x40003c4c                tflite::MicroInterpreterGraph::MicroInterpreterGraph(TfLiteContext*, tflite::Model const*, tflite::MicroAllocator*, tflite::MicroResourceVariables*)
 .text._ZN6tflite21MicroInterpreterGraph22SetSubgraphAllocationsEPNS_19SubgraphAllocationsE
                0x40003cb0        0x8 tflm/build/libtflm.a(micro_interpreter_graph.o)
                0x40003cb0                tflite::MicroInterpreterGraph::SetSubgraphAllocations(tflite::SubgraphAllocations*)
 .text._ZN6tflite12MicroContext27AllocateDecompressionMemoryEjj
                0x40003cb8       0xe4 tflm/build/libtflm.a(micro_context.o)
                0x40003cb8                tflite::MicroContext::AllocateDecompressionMemory(unsigned int, unsigned int)
 .text._ZN6tflite12MicroContext35ResetDecompressionMemoryAllocationsEv
                0x40003d9c       0x38 tflm/build/libtflm.a(micro_context.o)
                0x40003d9c                tflite::MicroContext::ResetDecompressionMemoryAllocations()
 .text._ZN6tflite12MicroContext22SetDecompressionMemoryERKSt16initializer_listINS0_21AlternateMemoryRegionEE
                0x40003dd4       0x9c tflm/build/libtflm.a(micro_context.o)
                0x40003dd4                tflite::MicroContext::SetDecompressionMemory(std::initializer_list<tflite::MicroContext::AlternateMemoryRegion> const&)
 .text._ZN6tflite12MicroContext23AllocateTempInputTensorEPK10TfLiteNodei
                0x40003e70       0x34 tflm/build/libtflm.a(micro_context.o)
                0x40003e70                tflite::MicroContext::AllocateTempInputTensor(TfLiteNode const*, int)
 .text._ZN6tflite12MicroContext24AllocateTempOutputTensorEPK10TfLiteNodei
                0x40003ea4       0x34 tflm/build/libtflm.a(micro_context.o)
                0x40003ea4                tflite::MicroContext::AllocateTempOutputTensor(TfLiteNode const*, int)
 .text._ZN6tflite25MicroContextReportOpErrorEP13TfLiteContextPKcz
                0x40003ed8       0x40 tflm/build/libtflm.a(micro_context.o)
                0x40003ed8                tflite::MicroContextReportOpError(TfLiteContext*, char const*, ...)
 .text._ZN6tflite25GetRegistrationFromOpCodeEPKNS_12OperatorCodeERKNS_15MicroOpResolverEPPK16TFLMRegistration
                0x40003f18      0x14c tflm/build/libtflm.a(micro_op_resolver.o)
                0x40003f18                tflite::GetRegistrationFromOpCode(tflite::OperatorCode const*, tflite::MicroOpResolver const&, TFLMRegistration const**)
 .text._ZN6tflite23MicroInterpreterContext5graphEv
                0x40004064        0x8 tflm/build/libtflm.a(micro_interpreter_context.o)
                0x40004064                tflite::MicroInterpreterContext::graph()
 .text._ZN6tflite23MicroInterpreterContextD0Ev
                0x4000406c        0x4 tflm/build/libtflm.a(micro_interpreter_context.o)
                0x4000406c                tflite::MicroInterpreterContext::~MicroInterpreterContext()
                0x4000406c                tflite::MicroInterpreterContext::~MicroInterpreterContext()
                0x4000406c                tflite::MicroInterpreterContext::~MicroInterpreterContext()
 .text._ZN6tflite23MicroInterpreterContext24AllocateTempTfLiteTensorEi
                0x40004070       0x28 tflm/build/libtflm.a(micro_interpreter_context.o)
                0x40004070                tflite::MicroInterpreterContext::AllocateTempTfLiteTensor(int)
 .text._ZN6tflite23MicroInterpreterContext26DeallocateTempTfLiteTensorEP12TfLiteTensor
                0x40004098       0x10 tflm/build/libtflm.a(micro_interpreter_context.o)
                0x40004098                tflite::MicroInterpreterContext::DeallocateTempTfLiteTensor(TfLiteTensor*)
 .text._ZN6tflite23MicroInterpreterContext13GetEvalTensorEi
                0x400040a8       0x2c tflm/build/libtflm.a(micro_interpreter_context.o)
                0x400040a8                tflite::MicroInterpreterContext::GetEvalTensor(int)
 .text._ZN6tflite23MicroInterpreterContext20SetAlternateProfilerEPNS_22MicroProfilerInterfaceE
                0x400040d4        0xc tflm/build/libtflm.a(micro_interpreter_context.o)
                0x400040d4                tflite::MicroInterpreterContext::SetAlternateProfiler(tflite::MicroProfilerInterface*)
 .text._ZNK6tflite23MicroInterpreterContext20GetAlternateProfilerEv
                0x400040e0        0x8 tflm/build/libtflm.a(micro_interpreter_context.o)
                0x400040e0                tflite::MicroInterpreterContext::GetAlternateProfiler() const
 .text._ZN6tflite23MicroInterpreterContext24AllocatePersistentBufferEj
                0x400040e8       0x28 tflm/build/libtflm.a(micro_interpreter_context.o)
                0x400040e8                tflite::MicroInterpreterContext::AllocatePersistentBuffer(unsigned int)
 .text._ZN6tflite23MicroInterpreterContext16GetScratchBufferEi
                0x40004110       0x2c tflm/build/libtflm.a(micro_interpreter_context.o)
                0x40004110                tflite::MicroInterpreterContext::GetScratchBuffer(int)
 .text._ZN6tflite23MicroInterpreterContext18AllocateTempBufferEjj
                0x4000413c       0x28 tflm/build/libtflm.a(micro_interpreter_context.o)
                0x4000413c                tflite::MicroInterpreterContext::AllocateTempBuffer(unsigned int, unsigned int)
 .text._ZN6tflite23MicroInterpreterContext20DeallocateTempBufferEPh
                0x40004164       0x28 tflm/build/libtflm.a(micro_interpreter_context.o)
                0x40004164                tflite::MicroInterpreterContext::DeallocateTempBuffer(unsigned char*)
 .text._ZN6tflite23MicroInterpreterContext27RequestScratchBufferInArenaEjPi
                0x4000418c       0x2c tflm/build/libtflm.a(micro_interpreter_context.o)
                0x4000418c                tflite::MicroInterpreterContext::RequestScratchBufferInArena(unsigned int, int*)
 .text._ZN6tflite23MicroInterpreterContext22SetDecompressionMemoryERKSt16initializer_listINS_12MicroContext21AlternateMemoryRegionEE
                0x400041b8       0x14 tflm/build/libtflm.a(micro_interpreter_context.o)
                0x400041b8                tflite::MicroInterpreterContext::SetDecompressionMemory(std::initializer_list<tflite::MicroContext::AlternateMemoryRegion> const&)
 .text._ZN6tflite23MicroInterpreterContext27AllocateDecompressionMemoryEjj
                0x400041cc       0x1c tflm/build/libtflm.a(micro_interpreter_context.o)
                0x400041cc                tflite::MicroInterpreterContext::AllocateDecompressionMemory(unsigned int, unsigned int)
 .text._ZN6tflite23MicroInterpreterContext20set_external_contextEPv
                0x400041e8       0x60 tflm/build/libtflm.a(micro_interpreter_context.o)
                0x400041e8                tflite::MicroInterpreterContext::set_external_context(void*)
 .text._ZN6tflite23MicroInterpreterContextC2EPNS_14MicroAllocatorEPKNS_5ModelEPNS_21MicroInterpreterGraphE
                0x40004248       0x34 tflm/build/libtflm.a(micro_interpreter_context.o)
                0x40004248                tflite::MicroInterpreterContext::MicroInterpreterContext(tflite::MicroAllocator*, tflite::Model const*, tflite::MicroInterpreterGraph*)
                0x40004248                tflite::MicroInterpreterContext::MicroInterpreterContext(tflite::MicroAllocator*, tflite::Model const*, tflite::MicroInterpreterGraph*)
 .text._ZN6tflite23MicroInterpreterContext23SetScratchBufferHandlesEPNS_19ScratchBufferHandleE
                0x4000427c        0x8 tflm/build/libtflm.a(micro_interpreter_context.o)
                0x4000427c                tflite::MicroInterpreterContext::SetScratchBufferHandles(tflite::ScratchBufferHandle*)
 .text._ZN6tflite23MicroInterpreterContext19SetInterpreterStateENS0_16InterpreterStateE
                0x40004284        0x8 tflm/build/libtflm.a(micro_interpreter_context.o)
                0x40004284                tflite::MicroInterpreterContext::SetInterpreterState(tflite::MicroInterpreterContext::InterpreterState)
 .text._ZN6tflite22MicroResourceVariables8ResetAllEv
                0x4000428c       0x74 tflm/build/libtflm.a(micro_resource_variable.o)
                0x4000428c                tflite::MicroResourceVariables::ResetAll()
 .text._ZN6tflite17ConvertTensorTypeENS_10TensorTypeEP10TfLiteTypePNS_13ErrorReporterE
                0x40004300      0x14c tflm/build/libtflm.a(flatbuffer_conversions.o)
                0x40004300                tflite::ConvertTensorType(tflite::TensorType, TfLiteType*, tflite::ErrorReporter*)
 .text._ZN6tflite19ParseFullyConnectedEPKNS_8OperatorEPNS_13ErrorReporterEPNS_20BuiltinDataAllocatorEPPv
                0x4000444c      0x220 tflm/build/libtflm.a(flatbuffer_conversions.o)
                0x4000444c                tflite::ParseFullyConnected(tflite::Operator const*, tflite::ErrorReporter*, tflite::BuiltinDataAllocator*, void**)
 .text.TfLiteIntArrayGetSizeInBytes
                0x4000466c        0xc tflm/build/libtflm.a(common.o)
                0x4000466c                TfLiteIntArrayGetSizeInBytes
 .text.TfLiteTypeGetName
                0x40004678       0x2c tflm/build/libtflm.a(common.o)
                0x40004678                TfLiteTypeGetName
 .text._ZN6tflite29MultiplyByQuantizedMultiplierElli
                0x400046a4      0x13c tflm/build/libtflm.a(common.o)
                0x400046a4                tflite::MultiplyByQuantizedMultiplier(long, long, int)
 .text._ZN6tflite29MultiplyByQuantizedMultiplierExli
                0x400047e0      0x140 tflm/build/libtflm.a(common.o)
                0x400047e0                tflite::MultiplyByQuantizedMultiplier(long long, long, int)
 .text._ZN6tflite12tensor_utils23UnpackDenseInt4IntoInt8EPKaiPa
                0x40004920       0x68 tflm/build/libtflm.a(portable_tensor_utils.o)
                0x40004920                tflite::tensor_utils::UnpackDenseInt4IntoInt8(signed char const*, int, signed char*)
 .text._ZN6tflite13ErrorReporter6ReportEPKcz
                0x40004988       0x40 tflm/build/libtflm.a(error_reporter.o)
                0x40004988                tflite::ErrorReporter::Report(char const*, ...)
 .text._ZN6tflite14GetBuiltinCodeEPKNS_12OperatorCodeE
                0x400049c8       0x80 tflm/build/libtflm.a(schema_utils.o)
                0x400049c8                tflite::GetBuiltinCode(tflite::OperatorCode const*)
 .text._ZN6tflite18MicroMemoryPlanner9AddBufferEiiii
                0x40004a48        0x8 tflm/build/libtflm.a(micro_allocator.o)
                0x40004a48                tflite::MicroMemoryPlanner::AddBuffer(int, int, int, int)
 .text._ZN6tflite18MicroMemoryPlanner4InitEPhi
                0x40004a50        0x8 tflm/build/libtflm.a(micro_allocator.o)
                0x40004a50                tflite::MicroMemoryPlanner::Init(unsigned char*, int)
 .text._ZN6tflite12_GLOBAL__N_125MicroBuiltinDataAllocator8AllocateEjj
                0x40004a58       0x10 tflm/build/libtflm.a(micro_allocator.o)
 .text._ZN6tflite12_GLOBAL__N_125MicroBuiltinDataAllocator10DeallocateEPv
                0x40004a68        0x4 tflm/build/libtflm.a(micro_allocator.o)
 .text._ZN6tflite14MicroAllocatorD0Ev
                0x40004a6c        0x4 tflm/build/libtflm.a(micro_allocator.o)
                0x40004a6c                tflite::MicroAllocator::~MicroAllocator()
                0x40004a6c                tflite::MicroAllocator::~MicroAllocator()
                0x40004a6c                tflite::MicroAllocator::~MicroAllocator()
 .text._ZN6tflite14MicroAllocator24AllocatePersistentBufferEj
                0x40004a70       0x14 tflm/build/libtflm.a(micro_allocator.o)
                0x40004a70                tflite::MicroAllocator::AllocatePersistentBuffer(unsigned int)
 .text._ZN6tflite14MicroAllocator18AllocateTempBufferEjj
                0x40004a84       0x10 tflm/build/libtflm.a(micro_allocator.o)
                0x40004a84                tflite::MicroAllocator::AllocateTempBuffer(unsigned int, unsigned int)
 .text._ZN6tflite14MicroAllocator20DeallocateTempBufferEPh
                0x40004a94       0x10 tflm/build/libtflm.a(micro_allocator.o)
                0x40004a94                tflite::MicroAllocator::DeallocateTempBuffer(unsigned char*)
 .text._ZN6tflite14MicroAllocator20ResetTempAllocationsEv
                0x40004aa4       0x10 tflm/build/libtflm.a(micro_allocator.o)
                0x40004aa4                tflite::MicroAllocator::ResetTempAllocations()
 .text._ZN6tflite14MicroAllocator20IsAllTempDeallocatedEv
                0x40004ab4       0x10 tflm/build/libtflm.a(micro_allocator.o)
                0x40004ab4                tflite::MicroAllocator::IsAllTempDeallocated()
 .text._ZN6tflite14MicroAllocator38AllocatePersistentTfLiteTensorInternalEv
                0x40004ac4       0x18 tflm/build/libtflm.a(micro_allocator.o)
                0x40004ac4                tflite::MicroAllocator::AllocatePersistentTfLiteTensorInternal()
 .text._ZN6tflite12_GLOBAL__N_125MicroBuiltinDataAllocatorD0Ev
                0x40004adc        0x4 tflm/build/libtflm.a(micro_allocator.o)
 .text._ZN6tflite14MicroAllocator26DeallocateTempTfLiteTensorEP12TfLiteTensor
                0x40004ae0       0x9c tflm/build/libtflm.a(micro_allocator.o)
                0x40004ae0                tflite::MicroAllocator::DeallocateTempTfLiteTensor(TfLiteTensor*)
 .text._ZNK11flatbuffers6VectorIxmE3GetEm.part.0
                0x40004b7c       0x28 tflm/build/libtflm.a(micro_allocator.o)
 .text._ZNK11flatbuffers6VectorINS_6OffsetIN6tflite8SubGraphEEEmE3GetEm.part.0
                0x40004ba4       0x28 tflm/build/libtflm.a(micro_allocator.o)
 .text._ZN6tflite14MicroAllocator28AllocateScratchBufferHandlesEPPNS_19ScratchBufferHandleEj
                0x40004bcc       0x50 tflm/build/libtflm.a(micro_allocator.o)
                0x40004bcc                tflite::MicroAllocator::AllocateScratchBufferHandles(tflite::ScratchBufferHandle**, unsigned int)
 .text._ZN6tflite14MicroAllocator17AllocateVariablesEPKNS_8SubGraphEP16TfLiteEvalTensorPKl
                0x40004c1c      0x158 tflm/build/libtflm.a(micro_allocator.o)
                0x40004c1c                tflite::MicroAllocator::AllocateVariables(tflite::SubGraph const*, TfLiteEvalTensor*, long const*)
 .text._ZN6tflite14MicroAllocator28AllocateNodeAndRegistrationsEPKNS_5ModelEPNS_19SubgraphAllocationsE
                0x40004d74      0x104 tflm/build/libtflm.a(micro_allocator.o)
                0x40004d74                tflite::MicroAllocator::AllocateNodeAndRegistrations(tflite::Model const*, tflite::SubgraphAllocations*)
 .text._ZN6tflite14MicroAllocator22CommitStaticMemoryPlanEPKNS_5ModelEPNS_19SubgraphAllocationsEPNS_19ScratchBufferHandleE
                0x40004e78      0x3f4 tflm/build/libtflm.a(micro_allocator.o)
                0x40004e78                tflite::MicroAllocator::CommitStaticMemoryPlan(tflite::Model const*, tflite::SubgraphAllocations*, tflite::ScratchBufferHandle*)
 .text._ZN6tflite8internal25GetFlatbufferTensorBufferERKNS_6TensorEPKN11flatbuffers6VectorINS4_6OffsetINS_6BufferEEEmEE
                0x4000526c       0xac tflm/build/libtflm.a(micro_allocator.o)
                0x4000526c                tflite::internal::GetFlatbufferTensorBuffer(tflite::Tensor const&, flatbuffers::Vector<flatbuffers::Offset<tflite::Buffer>, unsigned long> const*)
 .text._ZN6tflite8internal36InitializeTfLiteTensorFromFlatbufferEPNS_26IPersistentBufferAllocatorEPNS_29INonPersistentBufferAllocatorEbRKNS_6TensorEPKN11flatbuffers6VectorINS8_6OffsetINS_6BufferEEEmEEP12TfLiteTensor
                0x40005318      0x470 tflm/build/libtflm.a(micro_allocator.o)
                0x40005318                tflite::internal::InitializeTfLiteTensorFromFlatbuffer(tflite::IPersistentBufferAllocator*, tflite::INonPersistentBufferAllocator*, bool, tflite::Tensor const&, flatbuffers::Vector<flatbuffers::Offset<tflite::Buffer>, unsigned long> const*, TfLiteTensor*)
 .text._ZN6tflite14MicroAllocator34PopulateTfLiteTensorFromFlatbufferEPKNS_5ModelEP12TfLiteTensoriib
                0x40005788      0x114 tflm/build/libtflm.a(micro_allocator.o)
                0x40005788                tflite::MicroAllocator::PopulateTfLiteTensorFromFlatbuffer(tflite::Model const*, TfLiteTensor*, int, int, bool)
 .text._ZN6tflite14MicroAllocator24AllocateTempTfLiteTensorEPKNS_5ModelEPKNS_19SubgraphAllocationsEii
                0x4000589c      0x164 tflm/build/libtflm.a(micro_allocator.o)
                0x4000589c                tflite::MicroAllocator::AllocateTempTfLiteTensor(tflite::Model const*, tflite::SubgraphAllocations const*, int, int)
 .text._ZN6tflite14MicroAllocator30AllocatePersistentTfLiteTensorEPKNS_5ModelEPKNS_19SubgraphAllocationsEii
                0x40005a00      0x17c tflm/build/libtflm.a(micro_allocator.o)
                0x40005a00                tflite::MicroAllocator::AllocatePersistentTfLiteTensor(tflite::Model const*, tflite::SubgraphAllocations const*, int, int)
 .text._ZN6tflite8internal40InitializeTfLiteEvalTensorFromFlatbufferERKNS_6TensorEPKN11flatbuffers6VectorINS4_6OffsetINS_6BufferEEEmEEP16TfLiteEvalTensor
                0x40005b7c      0x120 tflm/build/libtflm.a(micro_allocator.o)
                0x40005b7c                tflite::internal::InitializeTfLiteEvalTensorFromFlatbuffer(tflite::Tensor const&, flatbuffers::Vector<flatbuffers::Offset<tflite::Buffer>, unsigned long> const*, TfLiteEvalTensor*)
 .text._ZN6tflite14MicroAllocator25AllocateTfLiteEvalTensorsEPKNS_5ModelEPNS_19SubgraphAllocationsE
                0x40005c9c      0x28c tflm/build/libtflm.a(micro_allocator.o)
                0x40005c9c                tflite::MicroAllocator::AllocateTfLiteEvalTensors(tflite::Model const*, tflite::SubgraphAllocations*)
 .text._ZN6tflite14MicroAllocator6CreateEPNS_26SingleArenaBufferAllocatorEPNS_18MicroMemoryPlannerE
                0x40005f28       0x7c tflm/build/libtflm.a(micro_allocator.o)
                0x40005f28                tflite::MicroAllocator::Create(tflite::SingleArenaBufferAllocator*, tflite::MicroMemoryPlanner*)
 .text._ZN6tflite14MicroAllocator6CreateEPhjNS_17MemoryPlannerTypeE
                0x40005fa4       0xf4 tflm/build/libtflm.a(micro_allocator.o)
                0x40005fa4                tflite::MicroAllocator::Create(unsigned char*, unsigned int, tflite::MemoryPlannerType)
 .text._ZN6tflite14MicroAllocator20StartModelAllocationEPKNS_5ModelE
                0x40006098      0x1b0 tflm/build/libtflm.a(micro_allocator.o)
                0x40006098                tflite::MicroAllocator::StartModelAllocation(tflite::Model const*)
 .text._ZN6tflite14MicroAllocator21FinishModelAllocationEPKNS_5ModelEPNS_19SubgraphAllocationsEPPNS_19ScratchBufferHandleE
                0x40006248      0x120 tflm/build/libtflm.a(micro_allocator.o)
                0x40006248                tflite::MicroAllocator::FinishModelAllocation(tflite::Model const*, tflite::SubgraphAllocations*, tflite::ScratchBufferHandle**)
 .text._ZN6tflite14MicroAllocator27RequestScratchBufferInArenaEjiPi
                0x40006368       0xd4 tflm/build/libtflm.a(micro_allocator.o)
                0x40006368                tflite::MicroAllocator::RequestScratchBufferInArena(unsigned int, int, int*)
 .text._ZN6tflite14MicroAllocator28FinishPrepareNodeAllocationsEi
                0x4000643c       0xcc tflm/build/libtflm.a(micro_allocator.o)
                0x4000643c                tflite::MicroAllocator::FinishPrepareNodeAllocations(int)
 .text._ZN6tflite14MicroAllocator23GetBuiltinDataAllocatorEv
                0x40006508        0x8 tflm/build/libtflm.a(micro_allocator.o)
                0x40006508                tflite::MicroAllocator::GetBuiltinDataAllocator()
 .text.DebugLog
                0x40006510       0x18 tflm/build/libtflm.a(debug_log.o)
                0x40006510                DebugLog
 .text._ZNK6tflite19GreedyMemoryPlanner21preserves_all_tensorsEv
                0x40006528        0x8 tflm/build/libtflm.a(greedy_memory_planner.o)
                0x40006528                tflite::GreedyMemoryPlanner::preserves_all_tensors() const
 .text._ZN6tflite19GreedyMemoryPlanner4InitEPhi
                0x40006530       0x64 tflm/build/libtflm.a(greedy_memory_planner.o)
                0x40006530                tflite::GreedyMemoryPlanner::Init(unsigned char*, int)
 .text._ZN6tflite19GreedyMemoryPlannerD0Ev
                0x40006594        0x4 tflm/build/libtflm.a(greedy_memory_planner.o)
                0x40006594                tflite::GreedyMemoryPlanner::~GreedyMemoryPlanner()
                0x40006594                tflite::GreedyMemoryPlanner::~GreedyMemoryPlanner()
                0x40006594                tflite::GreedyMemoryPlanner::~GreedyMemoryPlanner()
 .text._ZN6tflite19GreedyMemoryPlanner14GetBufferCountEv
                0x40006598        0x8 tflm/build/libtflm.a(greedy_memory_planner.o)
                0x40006598                tflite::GreedyMemoryPlanner::GetBufferCount()
 .text._ZN6tflite19GreedyMemoryPlanner9AddBufferEiii
                0x400065a0       0x6c tflm/build/libtflm.a(greedy_memory_planner.o)
                0x400065a0                tflite::GreedyMemoryPlanner::AddBuffer(int, int, int)
 .text._ZN6tflite19GreedyMemoryPlanner9AddBufferEiiii
                0x4000660c       0xa4 tflm/build/libtflm.a(greedy_memory_planner.o)
                0x4000660c                tflite::GreedyMemoryPlanner::AddBuffer(int, int, int, int)
 .text._ZN6tflite18ReverseSortInPlaceEPiS0_i
                0x400066b0       0x5c tflm/build/libtflm.a(greedy_memory_planner.o)
                0x400066b0                tflite::ReverseSortInPlace(int*, int*, int)
 .text._ZN6tflite19GreedyMemoryPlannerC2Ev
                0x4000670c       0x10 tflm/build/libtflm.a(greedy_memory_planner.o)
                0x4000670c                tflite::GreedyMemoryPlanner::GreedyMemoryPlanner()
                0x4000670c                tflite::GreedyMemoryPlanner::GreedyMemoryPlanner()
 .text._ZN6tflite19GreedyMemoryPlanner30NextSimultaneouslyActiveBufferEPKNS0_9ListEntryEii
                0x4000671c       0x94 tflm/build/libtflm.a(greedy_memory_planner.o)
                0x4000671c                tflite::GreedyMemoryPlanner::NextSimultaneouslyActiveBuffer(tflite::GreedyMemoryPlanner::ListEntry const*, int, int)
 .text._ZN6tflite19GreedyMemoryPlanner24CalculateOffsetsIfNeededEv
                0x400067b0      0x310 tflm/build/libtflm.a(greedy_memory_planner.o)
                0x400067b0                tflite::GreedyMemoryPlanner::CalculateOffsetsIfNeeded()
 .text._ZN6tflite19GreedyMemoryPlanner20GetMaximumMemorySizeEv
                0x40006ac0       0xa0 tflm/build/libtflm.a(greedy_memory_planner.o)
                0x40006ac0                tflite::GreedyMemoryPlanner::GetMaximumMemorySize()
 .text._ZN6tflite19GreedyMemoryPlanner15PrintMemoryPlanEv
                0x40006b60      0x2fc tflm/build/libtflm.a(greedy_memory_planner.o)
                0x40006b60                tflite::GreedyMemoryPlanner::PrintMemoryPlan()
 .text._ZN6tflite19GreedyMemoryPlanner18GetOffsetForBufferEiPi
                0x40006e5c       0x7c tflm/build/libtflm.a(greedy_memory_planner.o)
                0x40006e5c                tflite::GreedyMemoryPlanner::GetOffsetForBuffer(int, int*)
 .text._ZN6tflite18MicroMemoryPlanner15PrintMemoryPlanEv
                0x40006ed8        0x4 tflm/build/libtflm.a(linear_memory_planner.o)
                0x40006ed8                tflite::MicroMemoryPlanner::PrintMemoryPlan()
 .text._ZNK6tflite19LinearMemoryPlanner21preserves_all_tensorsEv
                0x40006edc        0x8 tflm/build/libtflm.a(linear_memory_planner.o)
                0x40006edc                tflite::LinearMemoryPlanner::preserves_all_tensors() const
 .text._ZN6tflite19LinearMemoryPlannerD0Ev
                0x40006ee4        0x4 tflm/build/libtflm.a(linear_memory_planner.o)
                0x40006ee4                tflite::LinearMemoryPlanner::~LinearMemoryPlanner()
                0x40006ee4                tflite::LinearMemoryPlanner::~LinearMemoryPlanner()
                0x40006ee4                tflite::LinearMemoryPlanner::~LinearMemoryPlanner()
 .text._ZN6tflite19LinearMemoryPlanner20GetMaximumMemorySizeEv
                0x40006ee8       0x10 tflm/build/libtflm.a(linear_memory_planner.o)
                0x40006ee8                tflite::LinearMemoryPlanner::GetMaximumMemorySize()
 .text._ZN6tflite19LinearMemoryPlanner14GetBufferCountEv
                0x40006ef8       0x10 tflm/build/libtflm.a(linear_memory_planner.o)
                0x40006ef8                tflite::LinearMemoryPlanner::GetBufferCount()
 .text._ZN6tflite19LinearMemoryPlanner9AddBufferEiii
                0x40006f08       0x64 tflm/build/libtflm.a(linear_memory_planner.o)
                0x40006f08                tflite::LinearMemoryPlanner::AddBuffer(int, int, int)
 .text._ZN6tflite19LinearMemoryPlanner18GetOffsetForBufferEiPi
                0x40006f6c       0x5c tflm/build/libtflm.a(linear_memory_planner.o)
                0x40006f6c                tflite::LinearMemoryPlanner::GetOffsetForBuffer(int, int*)
 .text._ZN6tflite19LinearMemoryPlannerC2Ev
                0x40006fc8       0x20 tflm/build/libtflm.a(linear_memory_planner.o)
                0x40006fc8                tflite::LinearMemoryPlanner::LinearMemoryPlanner()
                0x40006fc8                tflite::LinearMemoryPlanner::LinearMemoryPlanner()
 .text._ZN6tflite18MicroErrorReporterD0Ev
                0x40006fe8        0x4 tflm/build/libtflm.a(micro_error_reporter.o)
                0x40006fe8                tflite::MicroErrorReporter::~MicroErrorReporter()
                0x40006fe8                tflite::MicroErrorReporter::~MicroErrorReporter()
                0x40006fe8                tflite::MicroErrorReporter::~MicroErrorReporter()
 .text._ZN6tflite18MicroErrorReporter6ReportEPKcPv
                0x40006fec       0x24 tflm/build/libtflm.a(micro_error_reporter.o)
                0x40006fec                tflite::MicroErrorReporter::Report(char const*, void*)
 .text._ZN6tflite21GetMicroErrorReporterEv
                0x40007010       0x2c tflm/build/libtflm.a(micro_error_reporter.o)
                0x40007010                tflite::GetMicroErrorReporter()
 .text._ZN6tflite14AlignPointerUpEPhj
                0x4000703c       0x14 tflm/build/libtflm.a(memory_helpers.o)
                0x4000703c                tflite::AlignPointerUp(unsigned char*, unsigned int)
 .text._ZN6tflite16AlignPointerDownEPhj
                0x40007050        0xc tflm/build/libtflm.a(memory_helpers.o)
                0x40007050                tflite::AlignPointerDown(unsigned char*, unsigned int)
 .text._ZN6tflite11AlignSizeUpEjj
                0x4000705c       0x14 tflm/build/libtflm.a(memory_helpers.o)
                0x4000705c                tflite::AlignSizeUp(unsigned int, unsigned int)
 .text._ZN6tflite16TfLiteTypeSizeOfE10TfLiteTypePj
                0x40007070       0xb0 tflm/build/libtflm.a(memory_helpers.o)
                0x40007070                tflite::TfLiteTypeSizeOf(TfLiteType, unsigned int*)
 .text._ZN6tflite22BytesRequiredForTensorERKNS_6TensorEPjS3_
                0x40007120      0x100 tflm/build/libtflm.a(memory_helpers.o)
                0x40007120                tflite::BytesRequiredForTensor(tflite::Tensor const&, unsigned int*, unsigned int*)
 .text._ZN6tflite26TfLiteEvalTensorByteLengthEPK16TfLiteEvalTensorPj
                0x40007220       0x7c tflm/build/libtflm.a(memory_helpers.o)
                0x40007220                tflite::TfLiteEvalTensorByteLength(TfLiteEvalTensor const*, unsigned int*)
 .text._ZN6tflite29FullyConnectedParamsQuantizedERKNS_20OpDataFullyConnectedE
                0x4000729c       0x44 tflm/build/libtflm.a(fully_connected_common.o)
                0x4000729c                tflite::FullyConnectedParamsQuantized(tflite::OpDataFullyConnected const&)
 .text._ZN6tflite25FullyConnectedParamsFloatE21TfLiteFusedActivation
                0x400072e0       0x80 tflm/build/libtflm.a(fully_connected_common.o)
                0x400072e0                tflite::FullyConnectedParamsFloat(TfLiteFusedActivation)
 .text._ZN6tflite29CalculateOpDataFullyConnectedEP13TfLiteContext21TfLiteFusedActivation10TfLiteTypePK12TfLiteTensorS6_S6_PS4_PNS_20OpDataFullyConnectedE
                0x40007360      0x300 tflm/build/libtflm.a(fully_connected_common.o)
                0x40007360                tflite::CalculateOpDataFullyConnected(TfLiteContext*, TfLiteFusedActivation, TfLiteType, TfLiteTensor const*, TfLiteTensor const*, TfLiteTensor const*, TfLiteTensor*, tflite::OpDataFullyConnected*)
 .text._ZN6tflite5micro10RegisterOpEPFPvP13TfLiteContextPKcjEPF12TfLiteStatusS3_P10TfLiteNodeESC_PFvS3_S1_ESE_
                0x40007660       0x20 tflm/build/libtflm.a(kernel_util.o)
                0x40007660                tflite::micro::RegisterOp(void* (*)(TfLiteContext*, char const*, unsigned int), TfLiteStatus (*)(TfLiteContext*, TfLiteNode*), TfLiteStatus (*)(TfLiteContext*, TfLiteNode*), void (*)(TfLiteContext*, void*), void (*)(TfLiteContext*, void*))
 .text._ZN6tflite5micro12GetEvalInputEPK13TfLiteContextPK10TfLiteNodei
                0x40007680       0x44 tflm/build/libtflm.a(kernel_util.o)
                0x40007680                tflite::micro::GetEvalInput(TfLiteContext const*, TfLiteNode const*, int)
 .text._ZN6tflite5micro13GetEvalOutputEPK13TfLiteContextPK10TfLiteNodei
                0x400076c4       0x2c tflm/build/libtflm.a(kernel_util.o)
                0x400076c4                tflite::micro::GetEvalOutput(TfLiteContext const*, TfLiteNode const*, int)
 .text._ZN6tflite5micro14GetTensorShapeEPK16TfLiteEvalTensor
                0x400076f0       0x60 tflm/build/libtflm.a(kernel_util.o)
                0x400076f0                tflite::micro::GetTensorShape(TfLiteEvalTensor const*)
 .text._ZN6tflite26SingleArenaBufferAllocatorD0Ev
                0x40007750        0x4 tflm/build/libtflm.a(single_arena_buffer_allocator.o)
                0x40007750                tflite::SingleArenaBufferAllocator::~SingleArenaBufferAllocator()
                0x40007750                tflite::SingleArenaBufferAllocator::~SingleArenaBufferAllocator()
                0x40007750                tflite::SingleArenaBufferAllocator::~SingleArenaBufferAllocator()
 .text._ZN6tflite26SingleArenaBufferAllocator14DeallocateTempEPh
                0x40007754       0x1c tflm/build/libtflm.a(single_arena_buffer_allocator.o)
                0x40007754                tflite::SingleArenaBufferAllocator::DeallocateTemp(unsigned char*)
 .text._ZNK6tflite26SingleArenaBufferAllocator23GetOverlayMemoryAddressEv
                0x40007770        0x8 tflm/build/libtflm.a(single_arena_buffer_allocator.o)
                0x40007770                tflite::SingleArenaBufferAllocator::GetOverlayMemoryAddress() const
 .text._ZNK6tflite26SingleArenaBufferAllocator25GetNonPersistentUsedBytesEv
                0x40007778       0x20 tflm/build/libtflm.a(single_arena_buffer_allocator.o)
                0x40007778                tflite::SingleArenaBufferAllocator::GetNonPersistentUsedBytes() const
 .text._ZNK6tflite26SingleArenaBufferAllocator22GetPersistentUsedBytesEv
                0x40007798       0x10 tflm/build/libtflm.a(single_arena_buffer_allocator.o)
                0x40007798                tflite::SingleArenaBufferAllocator::GetPersistentUsedBytes() const
 .text._ZN6tflite26SingleArenaBufferAllocator12ResizeBufferEPhjj
                0x400077a8       0xc0 tflm/build/libtflm.a(single_arena_buffer_allocator.o)
                0x400077a8                tflite::SingleArenaBufferAllocator::ResizeBuffer(unsigned char*, unsigned int, unsigned int)
 .text._ZN6tflite26SingleArenaBufferAllocator33ReserveNonPersistentOverlayMemoryEjj
                0x40007868       0x68 tflm/build/libtflm.a(single_arena_buffer_allocator.o)
                0x40007868                tflite::SingleArenaBufferAllocator::ReserveNonPersistentOverlayMemory(unsigned int, unsigned int)
 .text._ZN6tflite26SingleArenaBufferAllocator23AllocateResizableBufferEjj
                0x400078d0       0x94 tflm/build/libtflm.a(single_arena_buffer_allocator.o)
                0x400078d0                tflite::SingleArenaBufferAllocator::AllocateResizableBuffer(unsigned int, unsigned int)
 .text._ZN6tflite26SingleArenaBufferAllocator12AllocateTempEjj
                0x40007964       0x80 tflm/build/libtflm.a(single_arena_buffer_allocator.o)
                0x40007964                tflite::SingleArenaBufferAllocator::AllocateTemp(unsigned int, unsigned int)
 .text._ZN6tflite26SingleArenaBufferAllocator20IsAllTempDeallocatedEv
                0x400079e4       0x40 tflm/build/libtflm.a(single_arena_buffer_allocator.o)
                0x400079e4                tflite::SingleArenaBufferAllocator::IsAllTempDeallocated()
 .text._ZN6tflite26SingleArenaBufferAllocator24AllocatePersistentBufferEjj
                0x40007a24       0x68 tflm/build/libtflm.a(single_arena_buffer_allocator.o)
                0x40007a24                tflite::SingleArenaBufferAllocator::AllocatePersistentBuffer(unsigned int, unsigned int)
 .text._ZNK6tflite26SingleArenaBufferAllocator18GetAvailableMemoryEj
                0x40007a8c       0x48 tflm/build/libtflm.a(single_arena_buffer_allocator.o)
                0x40007a8c                tflite::SingleArenaBufferAllocator::GetAvailableMemory(unsigned int) const
 .text._ZThn4_N6tflite26SingleArenaBufferAllocatorD1Ev
                0x40007ad4        0x4 tflm/build/libtflm.a(single_arena_buffer_allocator.o)
                0x40007ad4                non-virtual thunk to tflite::SingleArenaBufferAllocator::~SingleArenaBufferAllocator()
 .text._ZThn4_N6tflite26SingleArenaBufferAllocatorD0Ev
                0x40007ad8        0x4 tflm/build/libtflm.a(single_arena_buffer_allocator.o)
                0x40007ad8                non-virtual thunk to tflite::SingleArenaBufferAllocator::~SingleArenaBufferAllocator()
 .text._ZThn4_NK6tflite26SingleArenaBufferAllocator22GetPersistentUsedBytesEv
                0x40007adc       0x10 tflm/build/libtflm.a(single_arena_buffer_allocator.o)
                0x40007adc                non-virtual thunk to tflite::SingleArenaBufferAllocator::GetPersistentUsedBytes() const
 .text._ZN6tflite26SingleArenaBufferAllocator20ResetTempAllocationsEv
                0x40007aec       0x88 tflm/build/libtflm.a(single_arena_buffer_allocator.o)
                0x40007aec                tflite::SingleArenaBufferAllocator::ResetTempAllocations()
 .text._ZThn4_N6tflite26SingleArenaBufferAllocator24AllocatePersistentBufferEjj
                0x40007b74       0x68 tflm/build/libtflm.a(single_arena_buffer_allocator.o)
                0x40007b74                non-virtual thunk to tflite::SingleArenaBufferAllocator::AllocatePersistentBuffer(unsigned int, unsigned int)
 .text._ZN6tflite26SingleArenaBufferAllocator25DeallocateResizableBufferEPh
                0x40007bdc       0xa4 tflm/build/libtflm.a(single_arena_buffer_allocator.o)
                0x40007bdc                tflite::SingleArenaBufferAllocator::DeallocateResizableBuffer(unsigned char*)
 .text._ZN6tflite26SingleArenaBufferAllocator6CreateEPhj
                0x40007c80       0xa0 tflm/build/libtflm.a(single_arena_buffer_allocator.o)
                0x40007c80                tflite::SingleArenaBufferAllocator::Create(unsigned char*, unsigned int)
 .text._ZNK11flatbuffers6VectorINS_6OffsetIN6tflite8SubGraphEEEmE3GetEm.part.0
                0x40007d20       0x28 tflm/build/libtflm.a(micro_allocation_info.o)
 .text._ZN6tflite21AllocationInfoBuilder20CreateAllocationInfoEi
                0x40007d48      0x184 tflm/build/libtflm.a(micro_allocation_info.o)
                0x40007d48                tflite::AllocationInfoBuilder::CreateAllocationInfo(int)
 .text._ZN6tflite21AllocationInfoBuilder18FreeAllocationInfoEv
                0x40007ecc       0x4c tflm/build/libtflm.a(micro_allocation_info.o)
                0x40007ecc                tflite::AllocationInfoBuilder::FreeAllocationInfo()
 .text._ZN6tflite21AllocationInfoBuilder16ValidateSubgraphEPKNS_8SubGraphEP16TfLiteEvalTensor
                0x40007f18      0x1bc tflm/build/libtflm.a(micro_allocation_info.o)
                0x40007f18                tflite::AllocationInfoBuilder::ValidateSubgraph(tflite::SubGraph const*, TfLiteEvalTensor*)
 .text._ZN6tflite21AllocationInfoBuilder24InitializeAllocationInfoEPKlPNS_19SubgraphAllocationsE
                0x400080d4      0x33c tflm/build/libtflm.a(micro_allocation_info.o)
                0x400080d4                tflite::AllocationInfoBuilder::InitializeAllocationInfo(long const*, tflite::SubgraphAllocations*)
 .text._ZN6tflite21AllocationInfoBuilder23MarkAllocationLifetimesEiPNS_8internal20ScratchBufferRequestEPNS_19ScratchBufferHandleEPNS_19SubgraphAllocationsE
                0x40008410      0x49c tflm/build/libtflm.a(micro_allocation_info.o)
                0x40008410                tflite::AllocationInfoBuilder::MarkAllocationLifetimes(int, tflite::internal::ScratchBufferRequest*, tflite::ScratchBufferHandle*, tflite::SubgraphAllocations*)
 .text._ZN6tflite21AllocationInfoBuilder32MarkSubgraphLifetimesIfNecessaryEPKNS_8OperatorEPNS_8internal20ScratchBufferRequestEPNS_19ScratchBufferHandleEPNS_19SubgraphAllocationsE
                0x400088ac      0x2a4 tflm/build/libtflm.a(micro_allocation_info.o)
                0x400088ac                tflite::AllocationInfoBuilder::MarkSubgraphLifetimesIfNecessary(tflite::Operator const*, tflite::internal::ScratchBufferRequest*, tflite::ScratchBufferHandle*, tflite::SubgraphAllocations*)
 .text._ZN6tflite21AllocationInfoBuilder24GetOfflinePlannedOffsetsEPPKl
                0x40008b50      0x224 tflm/build/libtflm.a(micro_allocation_info.o)
                0x40008b50                tflite::AllocationInfoBuilder::GetOfflinePlannedOffsets(long const**)
 .text._ZN6tflite18QuantizeMultiplierEdPlPi.part.0
                0x40008d74       0x94 tflm/build/libtflm.a(quantization_util.o)
 .text._ZN6tflite18QuantizeMultiplierEdPlPi
                0x40008e08       0x88 tflm/build/libtflm.a(quantization_util.o)
                0x40008e08                tflite::QuantizeMultiplier(double, long*, int*)
 .text._ZN6tflite32GetQuantizedConvolutionMultiplerEP13TfLiteContextPK12TfLiteTensorS4_S4_PS2_Pd
                0x40008e90      0x1b4 tflm/build/libtflm.a(kernel_util.o)
                0x40008e90                tflite::GetQuantizedConvolutionMultipler(TfLiteContext*, TfLiteTensor const*, TfLiteTensor const*, TfLiteTensor const*, TfLiteTensor*, double*)
 .text._ZN6tflite33CalculateActivationRangeQuantizedEP13TfLiteContext21TfLiteFusedActivationP12TfLiteTensorPlS5_
                0x40009044      0x470 tflm/build/libtflm.a(kernel_util.o)
                0x40009044                tflite::CalculateActivationRangeQuantized(TfLiteContext*, TfLiteFusedActivation, TfLiteTensor*, long*, long*)
 .text.memcpy   0x400094b4       0x24 ../build/colorlight_i5/software/libc/libc.a(memcpy-asm.S.o)
                0x400094b4                memcpy
 .text.memset   0x400094d8       0x1c ../build/colorlight_i5/software/libc/libc.a(memset.S.o)
                0x400094d8                memset
 .text.strcmp   0x400094f4       0x20 ../build/colorlight_i5/software/libc/libc.a(strcmp.S.o)
                0x400094f4                strcmp
 .text.abort    0x40009514       0x18 ../build/colorlight_i5/software/libc/libc.a(libc_stdlib_abort.c.o)
                0x40009514                abort
 .text.__assert_func
                0x4000952c       0x4c ../build/colorlight_i5/software/libc/libc.a(libc_stdlib_assert.c.o)
                0x4000952c                __assert_func
 .text.__cxa_atexit
                0x40009578       0x10 ../build/colorlight_i5/software/libc/libc.a(libc_stdlib_pico-cxa-atexit.c.o)
                0x40009578                __cxa_atexit
 .text.strncmp  0x40009588       0x3c ../build/colorlight_i5/software/libc/libc.a(libc_string_strncmp.c.o)
                0x40009588                strncmp
 .text.fprintf  0x400095c4       0x38 ../build/colorlight_i5/software/libc/libc.a(libc_tinystdio_fprintf.c.o)
                0x400095c4                fprintf
 .text.__ultoa_invert
                0x400095fc       0xf4 ../build/colorlight_i5/software/libc/libc.a(libc_tinystdio_vfiprintf.c.o)
 .text.vfprintf
                0x400096f0      0x6c8 ../build/colorlight_i5/software/libc/libc.a(libc_tinystdio_vfiprintf.c.o)
                0x400096f0                __i_vfprintf
                0x400096f0                vfprintf
 .text.frexp    0x40009db8       0xd0 ../build/colorlight_i5/software/libc/libc.a(libm_math_s_frexp.c.o)
                0x40009db8                frexp
 .text.round    0x40009e88       0xf0 ../build/colorlight_i5/software/libc/libc.a(libm_common_s_round.c.o)
                0x40009e88                round
 .text          0x40009f78       0x5c ../build/colorlight_i5/software/libc/libc.a(_libc.a)
 .text          0x40009fd4       0x18 ../build/colorlight_i5/software/libc/libc.a(libc.a)
                0x40009fd4                getentropy
                0x40009fdc                getpid
                0x40009fe4                _exit
                0x40009fe8                kill
 .text.raise    0x40009fec       0x90 ../build/colorlight_i5/software/libc/libc.a(libc_signal_signal.c.o)
                0x40009fec                raise
 .text._on_exit
                0x4000a07c       0xa8 ../build/colorlight_i5/software/libc/libc.a(libc_stdlib_pico-onexit.c.o)
                0x4000a07c                _on_exit
 .text.strnlen  0x4000a124       0x24 ../build/colorlight_i5/software/libc/libc.a(libc_string_strnlen.c.o)
                0x4000a124                strnlen
 .text.__retarget_lock_acquire_recursive
                0x4000a148        0x4 ../build/colorlight_i5/software/libc/libc.a(libc_misc_lock.c.o)
                0x4000a148                __retarget_lock_acquire_recursive
 .text.__retarget_lock_release_recursive
                0x4000a14c        0x4 ../build/colorlight_i5/software/libc/libc.a(libc_misc_lock.c.o)
                0x4000a14c                __retarget_lock_release_recursive
 .text          0x4000a150       0xfc ../build/colorlight_i5/software/libcompiler_rt/libcompiler_rt.a(comparesf2.o)
                0x4000a150                __lesf2
                0x4000a150                __cmpsf2
                0x4000a1b0                __gesf2
                0x4000a210                __unordsf2
                0x4000a23c                __eqsf2
                0x4000a240                __ltsf2
                0x4000a244                __nesf2
                0x4000a248                __gtsf2
 .text          0x4000a24c      0x174 ../build/colorlight_i5/software/libcompiler_rt/libcompiler_rt.a(comparedf2.o)
                0x4000a24c                __cmpdf2
                0x4000a24c                __ledf2
                0x4000a2e0                __gedf2
                0x4000a36c                __unorddf2
                0x4000a3b0                __eqdf2
                0x4000a3b4                __ltdf2
                0x4000a3b8                __nedf2
                0x4000a3bc                __gtdf2
 .text          0x4000a3c0      0x248 ../build/colorlight_i5/software/libcompiler_rt/libcompiler_rt.a(addsf3.o)
                0x4000a3c0                __addsf3
 .text          0x4000a608        0xc ../build/colorlight_i5/software/libcompiler_rt/libcompiler_rt.a(subsf3.o)
                0x4000a608                __subsf3
 .text          0x4000a614      0x214 ../build/colorlight_i5/software/libcompiler_rt/libcompiler_rt.a(mulsf3.o)
                0x4000a614                __mulsf3
 .text          0x4000a828      0x240 ../build/colorlight_i5/software/libcompiler_rt/libcompiler_rt.a(divsf3.o)
                0x4000a828                __divsf3
 .text          0x4000aa68       0xbc ../build/colorlight_i5/software/libcompiler_rt/libcompiler_rt.a(floatsisf.o)
                0x4000aa68                __floatsisf
 .text          0x4000ab24       0x78 ../build/colorlight_i5/software/libcompiler_rt/libcompiler_rt.a(fixsfsi.o)
                0x4000ab24                __fixsfsi
 .text          0x4000ab9c       0x80 ../build/colorlight_i5/software/libcompiler_rt/libcompiler_rt.a(fixdfdi.o)
                0x4000ab9c                __fixdfdi
 .text          0x4000ac1c       0xa0 ../build/colorlight_i5/software/libcompiler_rt/libcompiler_rt.a(fixunsdfdi.o)
                0x4000ac1c                __fixunsdfdi
 .text          0x4000acbc      0x44c ../build/colorlight_i5/software/libcompiler_rt/libcompiler_rt.a(adddf3.o)
                0x4000acbc                __adddf3
 .text          0x4000b108       0x18 ../build/colorlight_i5/software/libcompiler_rt/libcompiler_rt.a(subdf3.o)
                0x4000b108                __subdf3
 .text          0x4000b120      0x3fc ../build/colorlight_i5/software/libcompiler_rt/libcompiler_rt.a(muldf3.o)
                0x4000b120                __muldf3
 .text          0x4000b51c      0x444 ../build/colorlight_i5/software/libcompiler_rt/libcompiler_rt.a(divdf3.o)
                0x4000b51c                __divdf3
 .text          0x4000b960       0x74 ../build/colorlight_i5/software/libcompiler_rt/libcompiler_rt.a(floatunsidf.o)
                0x4000b960                __floatunsidf
 .text          0x4000b9d4       0x6c ../build/colorlight_i5/software/libcompiler_rt/libcompiler_rt.a(fixunsdfsi.o)
                0x4000b9d4                __fixunsdfsi
 .text          0x4000ba40       0x90 ../build/colorlight_i5/software/libcompiler_rt/libcompiler_rt.a(clzsi2.o)
                0x4000ba40                __clzsi2
 .text          0x4000bad0        0x8 ../build/colorlight_i5/software/libcompiler_rt/libcompiler_rt.a(udivdi3.o)
                0x4000bad0                __udivdi3
 .text          0x4000bad8       0x24 ../build/colorlight_i5/software/libcompiler_rt/libcompiler_rt.a(umoddi3.o)
                0x4000bad8                __umoddi3
 .text          0x4000bafc       0x3c ../build/colorlight_i5/software/libcompiler_rt/libcompiler_rt.a(lshrdi3.o)
                0x4000bafc                __lshrdi3
 .text          0x4000bb38       0x3c ../build/colorlight_i5/software/libcompiler_rt/libcompiler_rt.a(ashldi3.o)
                0x4000bb38                __ashldi3
 .text          0x4000bb74      0x300 ../build/colorlight_i5/software/libcompiler_rt/libcompiler_rt.a(udivmoddi4.o)
                0x4000bb74                __udivmoddi4
 .text          0x4000be74       0x74 ../build/colorlight_i5/software/libcompiler_rt/libcompiler_rt.a(ctzsi2.o)
                0x4000be74                __ctzsi2
 .text          0x4000bee8      0x27c ../build/colorlight_i5/software/libbase/libbase.a(uart.o)
                0x4000bee8                uart_isr
                0x4000bfdc                uart_read
                0x4000c02c                uart_read_nonblock
                0x4000c048                uart_write
                0x4000c0d4                uart_init
                0x4000c14c                uart_sync
 .text          0x4000c164      0x110 ../build/colorlight_i5/software/libbase/libbase.a(isr.o)
                0x4000c164                irq_attach
                0x4000c1c8                irq_detach
                0x4000c1d0                isr
 .text.__extendsfdf2
                0x4000c274      0x158 /home/alan/Documentos/tflm/tools/xpack-riscv-none-elf-gcc-15.2.0-1/bin/../lib/gcc/riscv-none-elf/15.2.0/rv32im/ilp32/libgcc.a(extendsfdf2.o)
                0x4000c274                __extendsfdf2
 .text.__truncdfsf2
                0x4000c3cc      0x1d8 /home/alan/Documentos/tflm/tools/xpack-riscv-none-elf-gcc-15.2.0-1/bin/../lib/gcc/riscv-none-elf/15.2.0/rv32im/ilp32/libgcc.a(truncdfsf2.o)
                0x4000c3cc                __truncdfsf2
 .text.printf   0x4000c5a4       0x48 ../build/colorlight_i5/software/libc/libc.a(libc_tinystdio_printf.c.o)
                0x4000c5a4                printf
                0x4000c5ec                        _etext = .

.rodata         0x4000c5f0     0x35b0
                0x4000c5f0                        . = ALIGN (0x4)
                0x4000c5f0                        _frodata = .
 *(.rodata .rodata.* .gnu.linkonce.r.*)
 .rodata._Z17uart_print_binaryi.str1.4
                0x4000c5f0     0x22a7 build/main.o
                                  0x3 (size before relaxing)
 .rodata.main.str1.4
                0x4000e897        0x0 build/main.o
                                 0xcb (size before relaxing)
 *fill*         0x4000e897        0x1 
 .rodata._ZTVN6tflite22MicroMutableOpResolverILj1EEE
                0x4000e898       0x1c build/main.o
                0x4000e898                vtable for tflite::MicroMutableOpResolver<1u>
 *fill*         0x4000e8b4        0xc 
 .rodata.g_hello_world_float_model_data
                0x4000e8c0      0xc5c build/models/hello_world_float_model_data.o
                0x4000e8c0                g_hello_world_float_model_data
 .rodata._ZN12_GLOBAL__N_1L9VDebugLogEPKcz.constprop.0.str1.4
                0x4000f51c        0x0 tflm/build/libtflm.a(micro_log.o)
                                  0x3 (size before relaxing)
 .rodata._ZNK11flatbuffers6VectorIlmE3GetEm.part.0.str1.4
                0x4000f51c        0x0 tflm/build/libtflm.a(micro_interpreter.o)
                                 0xe7 (size before relaxing)
 .rodata._ZNK11flatbuffers6VectorINS_6OffsetIN6tflite8SubGraphEEEmE3GetEm.part.0.str1.4
                0x4000f51c        0x0 tflm/build/libtflm.a(micro_interpreter.o)
                                 0xce (size before relaxing)
 .rodata._ZN6tflite16MicroInterpreter5inputEj.str1.4
                0x4000f51c        0x0 tflm/build/libtflm.a(micro_interpreter.o)
                                 0x2b (size before relaxing)
 .rodata._ZN6tflite16MicroInterpreter6outputEj.str1.4
                0x4000f51c        0x0 tflm/build/libtflm.a(micro_interpreter.o)
                                 0x2c (size before relaxing)
 .rodata._ZN6tflite16MicroInterpreter44PrepareNodeAndRegistrationDataFromFlatbufferEv.str1.4
                0x4000f51c        0x0 tflm/build/libtflm.a(micro_interpreter.o)
                                0x1b9 (size before relaxing)
 .rodata._ZN6tflite16MicroInterpreter15AllocateTensorsEv.str1.4
                0x4000f51c        0x0 tflm/build/libtflm.a(micro_interpreter.o)
                                0x10a (size before relaxing)
 .rodata._ZN6tflite16MicroInterpreter6InvokeEv.str1.4
                0x4000f51c        0x0 tflm/build/libtflm.a(micro_interpreter.o)
                                 0x2d (size before relaxing)
 .rodata.str1.4
                0x4000f51c        0x0 tflm/build/libtflm.a(micro_interpreter.o)
                                0xb73 (size before relaxing)
 .rodata._ZZN6tflite24EnumNamesBuiltinOperatorEvE5names
                0x4000f51c      0x34c tflm/build/libtflm.a(micro_interpreter.o)
                0x4000f51c                tflite::EnumNamesBuiltinOperator()::names
 .rodata._ZN6tflite12_GLOBAL__N_1L21FullyConnectedPrepareEP13TfLiteContextP10TfLiteNode.str1.4
                0x4000f868        0x0 tflm/build/libtflm.a(fully_connected.o)
                                 0xf3 (size before relaxing)
 .rodata._ZN6tflite12_GLOBAL__N_1L18FullyConnectedEvalEP13TfLiteContextP10TfLiteNode.str1.4
                0x4000f868        0x0 tflm/build/libtflm.a(fully_connected.o)
                                 0x46 (size before relaxing)
 .rodata._ZN6tflite20NumSubgraphOperatorsEPKNS_5ModelEi.str1.4
                0x4000f868        0x0 tflm/build/libtflm.a(flatbuffer_utils.o)
                                0x113 (size before relaxing)
 .rodata._ZNK11flatbuffers6VectorIlmE3GetEm.part.0.str1.4
                0x4000f868        0x0 tflm/build/libtflm.a(micro_interpreter_graph.o)
                                 0xe7 (size before relaxing)
 .rodata._ZNK11flatbuffers6VectorINS_6OffsetIN6tflite8SubGraphEEEmE3GetEm.part.0.str1.4
                0x4000f868        0x0 tflm/build/libtflm.a(micro_interpreter_graph.o)
                                 0xce (size before relaxing)
 .rodata._ZN6tflite21MicroInterpreterGraph20ResetVariableTensorsEv.str1.4
                0x4000f868        0x0 tflm/build/libtflm.a(micro_interpreter_graph.o)
                                 0xac (size before relaxing)
 .rodata._ZN6tflite21MicroInterpreterGraph14InvokeSubgraphEi.str1.4
                0x4000f868        0x0 tflm/build/libtflm.a(micro_interpreter_graph.o)
                                 0x6c (size before relaxing)
 .rodata._ZN6tflite21MicroInterpreterGraph16PrepareSubgraphsEv.str1.4
                0x4000f868        0x0 tflm/build/libtflm.a(micro_interpreter_graph.o)
                                 0x8b (size before relaxing)
 .rodata._ZTVN6tflite21MicroInterpreterGraphE
                0x4000f868       0x40 tflm/build/libtflm.a(micro_interpreter_graph.o)
                0x4000f868                vtable for tflite::MicroInterpreterGraph
 .rodata._ZN6tflite25GetRegistrationFromOpCodeEPKNS_12OperatorCodeERKNS_15MicroOpResolverEPPK16TFLMRegistration.str1.4
                0x4000f8a8        0x0 tflm/build/libtflm.a(micro_op_resolver.o)
                                 0x87 (size before relaxing)
 .rodata._ZN6tflite23MicroInterpreterContext20set_external_contextEPv.str1.4
                0x4000f8a8        0x0 tflm/build/libtflm.a(micro_interpreter_context.o)
                                 0x3f (size before relaxing)
 .rodata._ZTVN6tflite23MicroInterpreterContextE
                0x4000f8a8       0x50 tflm/build/libtflm.a(micro_interpreter_context.o)
                0x4000f8a8                vtable for tflite::MicroInterpreterContext
 .rodata._ZN6tflite17ConvertTensorTypeENS_10TensorTypeEP10TfLiteTypePNS_13ErrorReporterE.str1.4
                0x4000f8f8        0x0 tflm/build/libtflm.a(flatbuffer_conversions.o)
                                 0x24 (size before relaxing)
 .rodata._ZN6tflite17ConvertTensorTypeENS_10TensorTypeEP10TfLiteTypePNS_13ErrorReporterE
                0x4000f8f8       0x50 tflm/build/libtflm.a(flatbuffer_conversions.o)
 .rodata._ZN6tflite19ParseFullyConnectedEPKNS_8OperatorEPNS_13ErrorReporterEPNS_20BuiltinDataAllocatorEPPv.str1.4
                0x4000f948        0x0 tflm/build/libtflm.a(flatbuffer_conversions.o)
                                 0x2a (size before relaxing)
 .rodata.TfLiteTypeGetName.str1.4
                0x4000f948        0x0 tflm/build/libtflm.a(common.o)
                                  0xd (size before relaxing)
 .rodata.str1.4
                0x4000f948        0x0 tflm/build/libtflm.a(common.o)
                                 0xb5 (size before relaxing)
 .rodata.CSWTCH.12
                0x4000f948       0x54 tflm/build/libtflm.a(common.o)
 .rodata._ZN6tflite29MultiplyByQuantizedMultiplierElli.str1.4
                0x4000f99c        0x0 tflm/build/libtflm.a(common.o)
                                 0x9b (size before relaxing)
 .rodata._ZN6tflite29MultiplyByQuantizedMultiplierExli.str1.4
                0x4000f99c        0x0 tflm/build/libtflm.a(common.o)
                                 0xf9 (size before relaxing)
 .rodata._ZNK11flatbuffers6VectorIxmE3GetEm.part.0.str1.4
                0x4000f99c        0x0 tflm/build/libtflm.a(micro_allocator.o)
                                 0xef (size before relaxing)
 .rodata._ZNK11flatbuffers6VectorINS_6OffsetIN6tflite8SubGraphEEEmE3GetEm.part.0.str1.4
                0x4000f99c        0x0 tflm/build/libtflm.a(micro_allocator.o)
                                 0xce (size before relaxing)
 .rodata._ZN6tflite14MicroAllocator17AllocateVariablesEPKNS_8SubGraphEP16TfLiteEvalTensorPKl.str1.4
                0x4000f99c        0x0 tflm/build/libtflm.a(micro_allocator.o)
                                 0x2e (size before relaxing)
 .rodata._ZN6tflite14MicroAllocator28AllocateNodeAndRegistrationsEPKNS_5ModelEPNS_19SubgraphAllocationsE.str1.4
                0x4000f99c        0x0 tflm/build/libtflm.a(micro_allocator.o)
                                 0x36 (size before relaxing)
 .rodata._ZN6tflite8internal25GetFlatbufferTensorBufferERKNS_6TensorEPKN11flatbuffers6VectorINS4_6OffsetINS_6BufferEEEmEE.str1.4
                0x4000f99c        0x0 tflm/build/libtflm.a(micro_allocator.o)
                                 0xca (size before relaxing)
 .rodata._ZN6tflite8internal36InitializeTfLiteTensorFromFlatbufferEPNS_26IPersistentBufferAllocatorEPNS_29INonPersistentBufferAllocatorEbRKNS_6TensorEPKN11flatbuffers6VectorINS8_6OffsetINS_6BufferEEEmEEP12TfLiteTensor.str1.4
                0x4000f99c        0x0 tflm/build/libtflm.a(micro_allocator.o)
                                 0x5e (size before relaxing)
 .rodata._ZN6tflite14MicroAllocator34PopulateTfLiteTensorFromFlatbufferEPKNS_5ModelEP12TfLiteTensoriib.str1.4
                0x4000f99c        0x0 tflm/build/libtflm.a(micro_allocator.o)
                                 0xca (size before relaxing)
 .rodata._ZN6tflite14MicroAllocator24AllocateTempTfLiteTensorEPKNS_5ModelEPKNS_19SubgraphAllocationsEii.str1.4
                0x4000f99c        0x0 tflm/build/libtflm.a(micro_allocator.o)
                                 0x80 (size before relaxing)
 .rodata._ZN6tflite14MicroAllocator30AllocatePersistentTfLiteTensorEPKNS_5ModelEPKNS_19SubgraphAllocationsEii.str1.4
                0x4000f99c        0x0 tflm/build/libtflm.a(micro_allocator.o)
                                 0x82 (size before relaxing)
 .rodata._ZN6tflite14MicroAllocator25AllocateTfLiteEvalTensorsEPKNS_5ModelEPNS_19SubgraphAllocationsE.str1.4
                0x4000f99c        0x0 tflm/build/libtflm.a(micro_allocator.o)
                                 0x67 (size before relaxing)
 .rodata._ZN6tflite14MicroAllocator20StartModelAllocationEPKNS_5ModelE.str1.4
                0x4000f99c        0x0 tflm/build/libtflm.a(micro_allocator.o)
                                 0x86 (size before relaxing)
 .rodata._ZN6tflite14MicroAllocator21FinishModelAllocationEPKNS_5ModelEPNS_19SubgraphAllocationsEPPNS_19ScratchBufferHandleE.str1.4
                0x4000f99c        0x0 tflm/build/libtflm.a(micro_allocator.o)
                                 0x4b (size before relaxing)
 .rodata._ZN6tflite14MicroAllocator27RequestScratchBufferInArenaEjiPi.str1.4
                0x4000f99c        0x0 tflm/build/libtflm.a(micro_allocator.o)
                                 0x36 (size before relaxing)
 .rodata._ZTVN6tflite12_GLOBAL__N_125MicroBuiltinDataAllocatorE
                0x4000f99c       0x18 tflm/build/libtflm.a(micro_allocator.o)
 .rodata._ZTVN6tflite14MicroAllocatorE
                0x4000f9b4       0x4c tflm/build/libtflm.a(micro_allocator.o)
                0x4000f9b4                vtable for tflite::MicroAllocator
 .rodata._ZN6tflite19GreedyMemoryPlanner9AddBufferEiii.str1.4
                0x4000fa00        0x0 tflm/build/libtflm.a(greedy_memory_planner.o)
                                 0x1d (size before relaxing)
 .rodata._ZN6tflite19GreedyMemoryPlanner15PrintMemoryPlanEv.str1.4
                0x4000fa00        0x0 tflm/build/libtflm.a(greedy_memory_planner.o)
                                 0x4a (size before relaxing)
 .rodata._ZN6tflite19GreedyMemoryPlanner18GetOffsetForBufferEiPi.str1.4
                0x4000fa00        0x0 tflm/build/libtflm.a(greedy_memory_planner.o)
                                 0x29 (size before relaxing)
 .rodata._ZTVN6tflite19GreedyMemoryPlannerE
                0x4000fa00       0x30 tflm/build/libtflm.a(greedy_memory_planner.o)
                0x4000fa00                vtable for tflite::GreedyMemoryPlanner
 .rodata._ZN6tflite19LinearMemoryPlanner9AddBufferEiii.str1.4
                0x4000fa30        0x0 tflm/build/libtflm.a(linear_memory_planner.o)
                                 0x1d (size before relaxing)
 .rodata._ZN6tflite19LinearMemoryPlanner18GetOffsetForBufferEiPi.str1.4
                0x4000fa30        0x0 tflm/build/libtflm.a(linear_memory_planner.o)
                                 0x29 (size before relaxing)
 .rodata._ZTVN6tflite19LinearMemoryPlannerE
                0x4000fa30       0x30 tflm/build/libtflm.a(linear_memory_planner.o)
                0x4000fa30                vtable for tflite::LinearMemoryPlanner
 .rodata._ZTVN6tflite18MicroErrorReporterE
                0x4000fa60       0x14 tflm/build/libtflm.a(micro_error_reporter.o)
                0x4000fa60                vtable for tflite::MicroErrorReporter
 .rodata._ZN6tflite16TfLiteTypeSizeOfE10TfLiteTypePj
                0x4000fa74       0x28 tflm/build/libtflm.a(memory_helpers.o)
 .rodata._ZN6tflite29CalculateOpDataFullyConnectedEP13TfLiteContext21TfLiteFusedActivation10TfLiteTypePK12TfLiteTensorS6_S6_PS4_PNS_20OpDataFullyConnectedE.str1.4
                0x4000fa9c        0x0 tflm/build/libtflm.a(fully_connected_common.o)
                                0x162 (size before relaxing)
 .rodata._ZN6tflite26SingleArenaBufferAllocator12ResizeBufferEPhjj.str1.4
                0x4000fa9c        0x0 tflm/build/libtflm.a(single_arena_buffer_allocator.o)
                                 0xb2 (size before relaxing)
 .rodata._ZN6tflite26SingleArenaBufferAllocator12AllocateTempEjj.str1.4
                0x4000fa9c        0x0 tflm/build/libtflm.a(single_arena_buffer_allocator.o)
                                 0x49 (size before relaxing)
 .rodata._ZN6tflite26SingleArenaBufferAllocator20IsAllTempDeallocatedEv.str1.4
                0x4000fa9c        0x0 tflm/build/libtflm.a(single_arena_buffer_allocator.o)
                                 0x42 (size before relaxing)
 .rodata._ZN6tflite26SingleArenaBufferAllocator24AllocatePersistentBufferEjj.str1.4
                0x4000fa9c        0x0 tflm/build/libtflm.a(single_arena_buffer_allocator.o)
                                 0x49 (size before relaxing)
 .rodata._ZN6tflite26SingleArenaBufferAllocator20ResetTempAllocationsEv.str1.4
                0x4000fa9c        0x0 tflm/build/libtflm.a(single_arena_buffer_allocator.o)
                                 0x45 (size before relaxing)
 .rodata._ZTVN6tflite26SingleArenaBufferAllocatorE
                0x4000fa9c       0x5c tflm/build/libtflm.a(single_arena_buffer_allocator.o)
                0x4000fa9c                vtable for tflite::SingleArenaBufferAllocator
 .rodata._ZNK11flatbuffers6VectorINS_6OffsetIN6tflite8SubGraphEEEmE3GetEm.part.0.str1.4
                0x4000faf8        0x0 tflm/build/libtflm.a(micro_allocation_info.o)
                                0x113 (size before relaxing)
 .rodata._ZN6tflite21AllocationInfoBuilder20CreateAllocationInfoEi.str1.4
                0x4000faf8        0x0 tflm/build/libtflm.a(micro_allocation_info.o)
                                 0x41 (size before relaxing)
 .rodata._ZN6tflite21AllocationInfoBuilder16ValidateSubgraphEPKNS_8SubGraphEP16TfLiteEvalTensor.str1.4
                0x4000faf8        0x0 tflm/build/libtflm.a(micro_allocation_info.o)
                                0x10c (size before relaxing)
 .rodata._ZN6tflite21AllocationInfoBuilder24InitializeAllocationInfoEPKlPNS_19SubgraphAllocationsE.str1.4
                0x4000faf8        0x0 tflm/build/libtflm.a(micro_allocation_info.o)
                                 0xca (size before relaxing)
 .rodata._ZN6tflite21AllocationInfoBuilder32MarkSubgraphLifetimesIfNecessaryEPKNS_8OperatorEPNS_8internal20ScratchBufferRequestEPNS_19ScratchBufferHandleEPNS_19SubgraphAllocationsE.str1.4
                0x4000faf8        0x0 tflm/build/libtflm.a(micro_allocation_info.o)
                                 0xd6 (size before relaxing)
 .rodata._ZN6tflite21AllocationInfoBuilder24GetOfflinePlannedOffsetsEPPKl.str1.4
                0x4000faf8        0x0 tflm/build/libtflm.a(micro_allocation_info.o)
                                0x117 (size before relaxing)
 .rodata._ZN6tflite12_GLOBAL__N_1L24kOfflineMemAllocMetadataE
                0x4000faf8       0x18 tflm/build/libtflm.a(micro_allocation_info.o)
 .rodata._ZN6tflite32GetQuantizedConvolutionMultiplerEP13TfLiteContextPK12TfLiteTensorS4_S4_PS2_Pd.str1.4
                0x4000fb10        0x0 tflm/build/libtflm.a(kernel_util.o)
                                 0x7d (size before relaxing)
 .rodata._ZN6tflite33CalculateActivationRangeQuantizedEP13TfLiteContext21TfLiteFusedActivationP12TfLiteTensorPlS5_.str1.4
                0x4000fb10        0x0 tflm/build/libtflm.a(kernel_util.o)
                                 0x2e (size before relaxing)
 .rodata.str1.4
                0x4000fb10        0x0 ../build/colorlight_i5/software/libc/libc.a(libc_stdlib_assert.c.o)
                                 0x43 (size before relaxing)
 .rodata.str1.4
                0x4000fb10        0x0 ../build/colorlight_i5/software/libc/libc.a(libc_tinystdio_vfiprintf.c.o)
                                 0x10 (size before relaxing)
 .rodata        0x4000fb10       0x90 ../build/colorlight_i5/software/libc/libc.a(libc_tinystdio_vfiprintf.c.o)
 .rodata.str1.4
                0x4000fba0        0x0 ../build/colorlight_i5/software/libbase/libbase.a(isr.o)
                                 0x2f (size before relaxing)
 *(.rodata1)
                0x4000fba0                        _erodata = .

.srodata.cst4   0x4000fba0       0x30
 .srodata.cst4  0x4000fba0       0x30 build/main.o
                                 0x14 (size before relaxing)
 .srodata.cst4  0x4000fbd0        0x0 tflm/build/libtflm.a(fully_connected_common.o)
                                 0x14 (size before relaxing)
 .srodata.cst4  0x4000fbd0        0x0 tflm/build/libtflm.a(kernel_util.o)
                                 0x10 (size before relaxing)
 .srodata.cst4  0x4000fbd0        0x0 ../build/colorlight_i5/software/libcompiler_rt/libcompiler_rt.a(addsf3.o)
                                  0x4 (size before relaxing)
 .srodata.cst4  0x4000fbd0        0x0 ../build/colorlight_i5/software/libcompiler_rt/libcompiler_rt.a(mulsf3.o)
                                  0x4 (size before relaxing)
 .srodata.cst4  0x4000fbd0        0x0 ../build/colorlight_i5/software/libcompiler_rt/libcompiler_rt.a(divsf3.o)
                                  0x4 (size before relaxing)

.srodata._ZN6tflite12_GLOBAL__N_1L19kZeroLengthIntArrayE
                0x4000fbd0        0x4
 .srodata._ZN6tflite12_GLOBAL__N_1L19kZeroLengthIntArrayE
                0x4000fbd0        0x4 tflm/build/libtflm.a(micro_allocator.o)

.srodata._ZN6tflite27kFullyConnectedOutputTensorE
                0x4000fbd4        0x4
 .srodata._ZN6tflite27kFullyConnectedOutputTensorE
                0x4000fbd4        0x4 tflm/build/libtflm.a(fully_connected_common.o)
                0x4000fbd4                tflite::kFullyConnectedOutputTensor

.srodata._ZN6tflite25kFullyConnectedBiasTensorE
                0x4000fbd8        0x4
 .srodata._ZN6tflite25kFullyConnectedBiasTensorE
                0x4000fbd8        0x4 tflm/build/libtflm.a(fully_connected_common.o)
                0x4000fbd8                tflite::kFullyConnectedBiasTensor

.srodata._ZN6tflite28kFullyConnectedWeightsTensorE
                0x4000fbdc        0x4
 .srodata._ZN6tflite28kFullyConnectedWeightsTensorE
                0x4000fbdc        0x4 tflm/build/libtflm.a(fully_connected_common.o)
                0x4000fbdc                tflite::kFullyConnectedWeightsTensor

.srodata._ZN6tflite26kFullyConnectedInputTensorE
                0x4000fbe0        0x4
 .srodata._ZN6tflite26kFullyConnectedInputTensorE
                0x4000fbe0        0x4 tflm/build/libtflm.a(fully_connected_common.o)
                0x4000fbe0                tflite::kFullyConnectedInputTensor

.srodata.cst8   0x4000fbe8       0x50
 .srodata.cst8  0x4000fbe8       0x50 tflm/build/libtflm.a(quantization_util.o)
                                 0x30 (size before relaxing)
 .srodata.cst8  0x4000fc38        0x0 tflm/build/libtflm.a(kernel_util.o)
                                  0x8 (size before relaxing)
 .srodata.cst8  0x4000fc38        0x0 ../build/colorlight_i5/software/libc/libc.a(libm_math_s_frexp.c.o)
                                  0x8 (size before relaxing)
 .srodata.cst8  0x4000fc38        0x0 ../build/colorlight_i5/software/libcompiler_rt/libcompiler_rt.a(fixunsdfdi.o)
                                 0x10 (size before relaxing)
 .srodata.cst8  0x4000fc38        0x0 ../build/colorlight_i5/software/libcompiler_rt/libcompiler_rt.a(adddf3.o)
                                  0x8 (size before relaxing)
 .srodata.cst8  0x4000fc38        0x0 ../build/colorlight_i5/software/libcompiler_rt/libcompiler_rt.a(muldf3.o)
                                  0x8 (size before relaxing)
 .srodata.cst8  0x4000fc38        0x0 ../build/colorlight_i5/software/libcompiler_rt/libcompiler_rt.a(divdf3.o)
                                  0x8 (size before relaxing)

.srodata        0x4000fc38        0xc
 .srodata       0x4000fc38        0xc ../build/colorlight_i5/software/libc/libc.a(_libc.a)
                0x4000fc38                stdin
                0x4000fc3c                stderr
                0x4000fc40                stdout

.rela.dyn       0x4000fc44        0x0
 .rela.text     0x4000fc44        0x0 build/crt0.o
 .rela.text.startup.main
                0x4000fc44        0x0 build/crt0.o
 .rela.rodata._ZTVN6tflite22MicroMutableOpResolverILj1EEE
                0x4000fc44        0x0 build/crt0.o
 .rela.text._ZN6tflite30MicroContextGetExternalContextEP13TfLiteContext25TfLiteExternalContextType
                0x4000fc44        0x0 build/crt0.o
 .rela.text._ZN6tflite16MicroInterpreterC2EPKNS_5ModelERKNS_15MicroOpResolverEPhjPNS_22MicroResourceVariablesEPNS_22MicroProfilerInterfaceEb
                0x4000fc44        0x0 build/crt0.o
 .rela.text._ZN6tflite16MicroInterpreter44PrepareNodeAndRegistrationDataFromFlatbufferEv
                0x4000fc44        0x0 build/crt0.o
 .rela.text._ZN6tflite21MicroInterpreterGraph14InvokeSubgraphEi
                0x4000fc44        0x0 build/crt0.o
 .rela.text._ZN6tflite21MicroInterpreterGraph16PrepareSubgraphsEv
                0x4000fc44        0x0 build/crt0.o
 .rela.text._ZN6tflite21MicroInterpreterGraphC2EP13TfLiteContextPKNS_5ModelEPNS_14MicroAllocatorEPNS_22MicroResourceVariablesE
                0x4000fc44        0x0 build/crt0.o
 .rela.rodata._ZTVN6tflite21MicroInterpreterGraphE
                0x4000fc44        0x0 build/crt0.o
 .rela.text._ZN6tflite25GetRegistrationFromOpCodeEPKNS_12OperatorCodeERKNS_15MicroOpResolverEPPK16TFLMRegistration
                0x4000fc44        0x0 build/crt0.o
 .rela.text._ZN6tflite23MicroInterpreterContextC2EPNS_14MicroAllocatorEPKNS_5ModelEPNS_21MicroInterpreterGraphE
                0x4000fc44        0x0 build/crt0.o
 .rela.rodata._ZTVN6tflite23MicroInterpreterContextE
                0x4000fc44        0x0 build/crt0.o
 .rela.text._ZN6tflite14MicroAllocator22CommitStaticMemoryPlanEPKNS_5ModelEPNS_19SubgraphAllocationsEPNS_19ScratchBufferHandleE
                0x4000fc44        0x0 build/crt0.o
 .rela.text._ZN6tflite14MicroAllocator6CreateEPNS_26SingleArenaBufferAllocatorEPNS_18MicroMemoryPlannerE
                0x4000fc44        0x0 build/crt0.o
 .rela.text._ZN6tflite19GreedyMemoryPlannerC2Ev
                0x4000fc44        0x0 build/crt0.o
 .rela.rodata._ZTVN6tflite19GreedyMemoryPlannerE
                0x4000fc44        0x0 build/crt0.o
 .rela.text._ZN6tflite19LinearMemoryPlannerC2Ev
                0x4000fc44        0x0 build/crt0.o
 .rela.rodata._ZTVN6tflite19LinearMemoryPlannerE
                0x4000fc44        0x0 build/crt0.o
 .rela.text._ZN6tflite21GetMicroErrorReporterEv
                0x4000fc44        0x0 build/crt0.o
 .rela.rodata._ZTVN6tflite18MicroErrorReporterE
                0x4000fc44        0x0 build/crt0.o
 .rela.text._ZN6tflite26SingleArenaBufferAllocator6CreateEPhj
                0x4000fc44        0x0 build/crt0.o

.data           0x4000fc44       0x10
                0x4000fc44                        . = ALIGN (0x4)
                0x4000fc44                        _fdata = .
 *(.data .data.* .gnu.linkonce.d.*)
 .data          0x4000fc44       0x10 ../build/colorlight_i5/software/libc/libc.a(_libc.a)
 *(.data1)
                0x4000fc60                        _gp = ALIGN (0x10)
 *(.sdata .sdata.* .gnu.linkonce.s.*)
                0x4000fc54                        _edata = .

.bss            0x10000000     0x13e0
                0x10000000                        . = ALIGN (0x4)
                0x10000000                        _fbss = .
 *(.dynsbss)
 *(.sbss .sbss.* .gnu.linkonce.sb.*)
 .sbss._ZGVZ4mainE11interpreter
                0x10000000        0x8 build/main.o
 .sbss._ZGVZ4mainE8resolver
                0x10000008        0x8 build/main.o
 .sbss._ZN12_GLOBAL__N_1L15error_reporter_E
                0x10000010        0x4 tflm/build/libtflm.a(micro_error_reporter.o)
 .sbss._ZN12_GLOBAL__N_1L27micro_error_reporter_bufferE
                0x10000014        0x4 tflm/build/libtflm.a(micro_error_reporter.o)
 .sbss          0x10000018        0x4 ../build/colorlight_i5/software/libc/libc.a(libc_picolib_dso_handle.c.o)
                0x10000018                __dso_handle
 .sbss          0x1000001c        0x4 ../build/colorlight_i5/software/libc/libc.a(libc.a)
                0x1000001c                _impure_ptr
 .sbss          0x10000020        0x4 ../build/colorlight_i5/software/libc/libc.a(libc_errno_errno.c.o)
                0x10000020                errno
 .sbss          0x10000024        0x1 ../build/colorlight_i5/software/libc/libc.a(libc_misc_lock.c.o)
                0x10000024                __lock___libc_recursive_mutex
 *fill*         0x10000025        0x3 
 .sbss          0x10000028       0x10 ../build/colorlight_i5/software/libbase/libbase.a(uart.o)
 .sbss          0x10000038        0x8 ../build/colorlight_i5/software/libbase/libbase.a(isr.o)
                0x10000038                irq_table
 *(.scommon)
 *(.dynbss)
 *(.bss .bss.* .gnu.linkonce.b.*)
 .bss._ZZ4mainE11interpreter
                0x10000040       0xd0 build/main.o
 .bss._ZZ4mainE8resolver
                0x10000110       0x30 build/main.o
 .bss.tensor_arena
                0x10000140      0xfa0 build/main.o
                0x10000140                tensor_arena
 .bss           0x100010e0       0x80 ../build/colorlight_i5/software/libc/libc.a(libc_signal_signal.c.o)
 .bss           0x10001160      0x180 ../build/colorlight_i5/software/libc/libc.a(libc_stdlib_pico-onexit.c.o)
 .bss           0x100012e0      0x100 ../build/colorlight_i5/software/libbase/libbase.a(uart.o)
 *(COMMON)
                0x100013e0                        . = ALIGN (0x4)
                0x100013e0                        _ebss = .
                0x100013e0                        _end = .
                0x10001ffc                        PROVIDE (_fstack = ((ORIGIN (sram) + LENGTH (sram)) - 0x4))
                0x4000fc44                        PROVIDE (_fdata_rom = LOADADDR (.data))
                [!provide]                        PROVIDE (_edata_rom = (LOADADDR (.data) + SIZEOF (.data)))
OUTPUT(build/main.elf elf32-littleriscv)

.riscv.attributes
                0x00000000       0x43
 .riscv.attributes
                0x00000000       0x41 build/crt0.o
 .riscv.attributes
                0x00000041       0x3f build/main.o
 .riscv.attributes
                0x00000080       0x3f build/models/hello_world_float_model_data.o
 .riscv.attributes
                0x000000bf       0x2a tflm/build/libtflm.a(micro_log.o)
 .riscv.attributes
                0x000000e9       0x2a tflm/build/libtflm.a(micro_interpreter.o)
 .riscv.attributes
                0x00000113       0x2a tflm/build/libtflm.a(flatbuffer_conversions_bridge.o)
 .riscv.attributes
                0x0000013d       0x2a tflm/build/libtflm.a(fully_connected.o)
 .riscv.attributes
                0x00000167       0x2a tflm/build/libtflm.a(flatbuffer_utils.o)
 .riscv.attributes
                0x00000191       0x2a tflm/build/libtflm.a(micro_interpreter_graph.o)
 .riscv.attributes
                0x000001bb       0x2a tflm/build/libtflm.a(micro_context.o)
 .riscv.attributes
                0x000001e5       0x2a tflm/build/libtflm.a(micro_op_resolver.o)
 .riscv.attributes
                0x0000020f       0x2a tflm/build/libtflm.a(micro_interpreter_context.o)
 .riscv.attributes
                0x00000239       0x2a tflm/build/libtflm.a(micro_resource_variable.o)
 .riscv.attributes
                0x00000263       0x2a tflm/build/libtflm.a(flatbuffer_conversions.o)
 .riscv.attributes
                0x0000028d       0x2a tflm/build/libtflm.a(common.o)
 .riscv.attributes
                0x000002b7       0x2a tflm/build/libtflm.a(common.o)
 .riscv.attributes
                0x000002e1       0x2a tflm/build/libtflm.a(portable_tensor_utils.o)
 .riscv.attributes
                0x0000030b       0x2a tflm/build/libtflm.a(error_reporter.o)
 .riscv.attributes
                0x00000335       0x2a tflm/build/libtflm.a(schema_utils.o)
 .riscv.attributes
                0x0000035f       0x2a tflm/build/libtflm.a(micro_allocator.o)
 .riscv.attributes
                0x00000389       0x2a tflm/build/libtflm.a(debug_log.o)
 .riscv.attributes
                0x000003b3       0x2a tflm/build/libtflm.a(greedy_memory_planner.o)
 .riscv.attributes
                0x000003dd       0x2a tflm/build/libtflm.a(linear_memory_planner.o)
 .riscv.attributes
                0x00000407       0x2a tflm/build/libtflm.a(micro_error_reporter.o)
 .riscv.attributes
                0x00000431       0x2a tflm/build/libtflm.a(memory_helpers.o)
 .riscv.attributes
                0x0000045b       0x2a tflm/build/libtflm.a(fully_connected_common.o)
 .riscv.attributes
                0x00000485       0x2a tflm/build/libtflm.a(kernel_util.o)
 .riscv.attributes
                0x000004af       0x2a tflm/build/libtflm.a(single_arena_buffer_allocator.o)
 .riscv.attributes
                0x000004d9       0x2a tflm/build/libtflm.a(micro_allocation_info.o)
 .riscv.attributes
                0x00000503       0x2a tflm/build/libtflm.a(quantization_util.o)
 .riscv.attributes
                0x0000052d       0x2a tflm/build/libtflm.a(kernel_util.o)
 .riscv.attributes
                0x00000557       0x3d ../build/colorlight_i5/software/libc/libc.a(memcpy-asm.S.o)
 .riscv.attributes
                0x00000594       0x3d ../build/colorlight_i5/software/libc/libc.a(memset.S.o)
 .riscv.attributes
                0x000005d1       0x3d ../build/colorlight_i5/software/libc/libc.a(strcmp.S.o)
 .riscv.attributes
                0x0000060e       0x3f ../build/colorlight_i5/software/libc/libc.a(libc_stdlib_abort.c.o)
 .riscv.attributes
                0x0000064d       0x3f ../build/colorlight_i5/software/libc/libc.a(libc_stdlib_assert.c.o)
 .riscv.attributes
                0x0000068c       0x3f ../build/colorlight_i5/software/libc/libc.a(libc_stdlib_pico-cxa-atexit.c.o)
 .riscv.attributes
                0x000006cb       0x3f ../build/colorlight_i5/software/libc/libc.a(libc_string_strncmp.c.o)
 .riscv.attributes
                0x0000070a       0x3f ../build/colorlight_i5/software/libc/libc.a(libc_picolib_dso_handle.c.o)
 .riscv.attributes
                0x00000749       0x3f ../build/colorlight_i5/software/libc/libc.a(libc_tinystdio_fprintf.c.o)
 .riscv.attributes
                0x00000788       0x3f ../build/colorlight_i5/software/libc/libc.a(libc_tinystdio_vfiprintf.c.o)
 .riscv.attributes
                0x000007c7       0x3f ../build/colorlight_i5/software/libc/libc.a(libm_math_s_frexp.c.o)
 .riscv.attributes
                0x00000806       0x3f ../build/colorlight_i5/software/libc/libc.a(libm_common_s_round.c.o)
 .riscv.attributes
                0x00000845       0x3f ../build/colorlight_i5/software/libc/libc.a(_libc.a)
 .riscv.attributes
                0x00000884       0x3f ../build/colorlight_i5/software/libc/libc.a(libc.a)
 .riscv.attributes